../Core/Src/main.c:92:5:main	8	static
../Core/Src/main.c:182:6:SystemClock_Config	88	static
../Core/Src/main.c:231:13:MX_CAN1_Init	8	static
../Core/Src/main.c:267:13:MX_DAC_Init	16	static
../Core/Src/main.c:307:13:MX_IWDG_Init	8	static
../Core/Src/main.c:335:13:MX_SPI1_Init	8	static
../Core/Src/main.c:373:13:MX_TIM2_Init	32	static
../Core/Src/main.c:418:13:MX_TIM3_Init	32	static
../Core/Src/main.c:461:13:MX_DMA_Init	16	static
../Core/Src/main.c:479:13:MX_GPIO_Init	48	static
../Core/Src/main.c:600:6:HAL_GPIO_EXTI_Callback	16	static
../Core/Src/main.c:615:6:StartDefaultTask	16	static
../Core/Src/main.c:632:6:Error_Handler	8	static,ignoring_inline_asm
