../Core/Src/stm32f4xx_it.c:73:6:NMI_Handler	4	static
../Core/Src/stm32f4xx_it.c:88:6:HardFault_Handler	8	static
../Core/Src/stm32f4xx_it.c:104:6:MemManage_Handler	4	static
../Core/Src/stm32f4xx_it.c:119:6:BusFault_Handler	4	static
../Core/Src/stm32f4xx_it.c:134:6:UsageFault_Handler	4	static
../Core/Src/stm32f4xx_it.c:149:6:DebugMon_Handler	4	static
../Core/Src/stm32f4xx_it.c:162:6:SysTick_Handler	8	static
../Core/Src/stm32f4xx_it.c:196:6:DMA1_Stream5_IRQHandler	8	static
../Core/Src/stm32f4xx_it.c:210:6:EXTI9_5_IRQHandler	8	static
../Core/Src/stm32f4xx_it.c:227:6:TIM3_IRQHandler	8	static
../Core/Src/stm32f4xx_it.c:240:6:EXTI15_10_IRQHandler	8	static
../Core/Src/stm32f4xx_it.c:255:6:HAL_TIM_PeriodElapsedCallback	16	static
