../Drivers/SolarGatorsBSP_STM/Drivers/src/Button.cpp:13:1:SolarGators::Drivers::Button::Button(const char*, GPIO_TypeDef*, uint16_t, uint16_t, GPIO_PinState)	24	static
../Drivers/SolarGatorsBSP_STM/Drivers/src/Button.cpp:19:1:SolarGators::Drivers::Button::~Button()	16	static
../Drivers/SolarGatorsBSP_STM/Drivers/src/Button.cpp:23:15:GPIO_PinState SolarGators::Drivers::Button::ReadPin()	16	static
../Drivers/SolarGatorsBSP_STM/Drivers/src/Button.cpp:28:6:void SolarGators::Drivers::Button::HandlePress()	24	static
../Drivers/SolarGatorsBSP_STM/Drivers/src/Button.cpp:48:6:void SolarGators::Drivers::Button::Debounce()	16	static
C:/Users/Taylor Gerke/STM32CubeIDE/workspace_1.11.0/SteeringWheel2023/Drivers/SolarGatorsBSP_STM/etl/include/etl/private/delegate_cpp11.h:390:7:)>::invocation_element::invocation_element() [with TReturn = void; TParams = {}]	16	static
C:/Users/Taylor Gerke/STM32CubeIDE/workspace_1.11.0/SteeringWheel2023/Drivers/SolarGatorsBSP_STM/etl/include/etl/private/delegate_cpp11.h:102:21:)>::delegate() [with TReturn = void; TParams = {}]	16	static
C:/Users/Taylor Gerke/STM32CubeIDE/workspace_1.11.0/SteeringWheel2023/Drivers/SolarGatorsBSP_STM/etl/include/etl/private/delegate_cpp11.h:376:21:)>::operator bool() const [with TReturn = void; TParams = {}]	16	static
C:/Users/Taylor Gerke/STM32CubeIDE/workspace_1.11.0/SteeringWheel2023/Drivers/SolarGatorsBSP_STM/etl/include/etl/private/delegate_cpp11.h:368:26:)>::is_valid() const [with TReturn = void; TParams = {}]	16	static
C:/Users/Taylor Gerke/STM32CubeIDE/workspace_1.11.0/SteeringWheel2023/Drivers/SolarGatorsBSP_STM/etl/include/etl/private/delegate_cpp11.h:256:13:) const [with TReturn = void; TParams = {}]	16	static
