c:\st\stm32cubeide_1.11.0\stm32cubeide\plugins\com.st.stm32cube.ide.mcu.externaltools.gnu-tools-for-stm32.10.3-2021.10.win32_1.0.100.202210260954\tools\arm-none-eabi\include\c++\10.3.1\cmath:260:3:constexpr float std::floor(float)	16	static
c:\st\stm32cubeide_1.11.0\stm32cubeide\plugins\com.st.stm32cube.ide.mcu.externaltools.gnu-tools-for-stm32.10.3-2021.10.win32_1.0.100.202210260954\tools\arm-none-eabi\include\c++\10.3.1\cmath:584:3:constexpr bool std::isinf(float)	16	static
c:\st\stm32cubeide_1.11.0\stm32cubeide\plugins\com.st.stm32cube.ide.mcu.externaltools.gnu-tools-for-stm32.10.3-2021.10.win32_1.0.100.202210260954\tools\arm-none-eabi\include\c++\10.3.1\cmath:611:3:constexpr bool std::isnan(float)	16	static
c:\st\stm32cubeide_1.11.0\stm32cubeide\plugins\com.st.stm32cube.ide.mcu.externaltools.gnu-tools-for-stm32.10.3-2021.10.win32_1.0.100.202210260954\tools\arm-none-eabi\include\c++\10.3.1\cmath:1756:3:constexpr float std::round(float)	16	static
c:\st\stm32cubeide_1.11.0\stm32cubeide\plugins\com.st.stm32cube.ide.mcu.externaltools.gnu-tools-for-stm32.10.3-2021.10.win32_1.0.100.202210260954\tools\bin\../lib/gcc/arm-none-eabi/10.3.1/../../../../arm-none-eabi/include/c++/10.3.1/arm-none-eabi/thumb/v7e-m+fp/hard/bits/gthr-default.h:229:1:int __gthread_key_delete(__gthread_key_t)	16	static
C:/Users/Taylor Gerke/STM32CubeIDE/workspace_1.11.0/SteeringWheel2023/Drivers/SolarGatorsBSP_STM/etl/include/etl/memory.h:1865:15:void etl::memory_clear(volatile char*, size_t)	16	static
C:/Users/Taylor Gerke/STM32CubeIDE/workspace_1.11.0/SteeringWheel2023/Drivers/SolarGatorsBSP_STM/etl/include/etl/basic_string.h:164:15:etl::string_base::size_type etl::string_base::size() const	16	static
C:/Users/Taylor Gerke/STM32CubeIDE/workspace_1.11.0/SteeringWheel2023/Drivers/SolarGatorsBSP_STM/etl/include/etl/basic_string.h:239:10:bool etl::string_base::is_truncated() const	16	static
C:/Users/Taylor Gerke/STM32CubeIDE/workspace_1.11.0/SteeringWheel2023/Drivers/SolarGatorsBSP_STM/etl/include/etl/flags.h:120:37:constexpr etl::flags<T, MASK>& etl::flags<T, MASK>::set() [with T pattern = 2; T = unsigned char; T MASK = 255]	16	static
C:/Users/Taylor Gerke/STM32CubeIDE/workspace_1.11.0/SteeringWheel2023/Drivers/SolarGatorsBSP_STM/etl/include/etl/basic_string.h:257:10:void etl::string_base::set_secure()	16	static
C:/Users/Taylor Gerke/STM32CubeIDE/workspace_1.11.0/SteeringWheel2023/Drivers/SolarGatorsBSP_STM/etl/include/etl/basic_string.h:265:10:bool etl::string_base::is_secure() const	16	static
C:/Users/Taylor Gerke/STM32CubeIDE/workspace_1.11.0/SteeringWheel2023/Drivers/SolarGatorsBSP_STM/etl/include/etl/basic_string.h:276:5:etl::string_base::string_base(etl::string_base::size_type)	16	static
C:/Users/Taylor Gerke/STM32CubeIDE/workspace_1.11.0/SteeringWheel2023/Drivers/SolarGatorsBSP_STM/etl/include/etl/flags.h:111:37:constexpr etl::flags<T, MASK>& etl::flags<T, MASK>::set(bool) [with T pattern = 1; T = unsigned char; T MASK = 255]	16	static
C:/Users/Taylor Gerke/STM32CubeIDE/workspace_1.11.0/SteeringWheel2023/Drivers/SolarGatorsBSP_STM/etl/include/etl/basic_string.h:286:10:void etl::string_base::set_truncated(bool)	16	static
C:/Users/Taylor Gerke/STM32CubeIDE/workspace_1.11.0/SteeringWheel2023/Drivers/SolarGatorsBSP_STM/etl/include/etl/basic_string.h:295:5:etl::string_base::~string_base()	16	static
C:/Users/Taylor Gerke/STM32CubeIDE/workspace_1.11.0/SteeringWheel2023/Drivers/SolarGatorsBSP_STM/etl/include/etl/algorithm.h:1125:12:constexpr const T& etl::min(const T&, const T&) [with T = unsigned int]	16	static
C:/Users/Taylor Gerke/STM32CubeIDE/workspace_1.11.0/SteeringWheel2023/Drivers/SolarGatorsBSP_STM/etl/include/etl/functional.h:132:24:constexpr bool etl::less<T>::operator()(const T&, const T&) const [with T = unsigned int]	24	static
C:/Users/Taylor Gerke/STM32CubeIDE/workspace_1.11.0/SteeringWheel2023/Drivers/SolarGatorsBSP_STM/etl/include/etl/algorithm.h:1117:12:constexpr const T& etl::min(const T&, const T&, TCompare) [with T = unsigned int; TCompare = etl::less<unsigned int>]	24	static
C:/Users/Taylor Gerke/STM32CubeIDE/workspace_1.11.0/SteeringWheel2023/Drivers/SolarGatorsBSP_STM/etl/include/etl/string.h:54:9:etl::string<5>::~string()	16	static
../Drivers/SolarGatorsBSP_STM/Drivers/src/UI.cpp:13:6:void SolarGators::Drivers::InfoSquare::Draw(SolarGators::Drivers::ILI9341&)	56	static
../Drivers/SolarGatorsBSP_STM/Drivers/src/UI.cpp:24:6:void SolarGators::Drivers::InfoSquare::UpdateValue(SolarGators::Drivers::ILI9341&, etl::string<5>&)	40	static
C:/Users/Taylor Gerke/STM32CubeIDE/workspace_1.11.0/SteeringWheel2023/Drivers/SolarGatorsBSP_STM/Drivers/inc/UI.hpp:32:7:SolarGators::Drivers::InfoSquare::InfoSquare()	16	static
C:/Users/Taylor Gerke/STM32CubeIDE/workspace_1.11.0/SteeringWheel2023/Drivers/SolarGatorsBSP_STM/Drivers/inc/UI.hpp:32:7:SolarGators::Drivers::InfoSquare::~InfoSquare()	16	static
C:/Users/Taylor Gerke/STM32CubeIDE/workspace_1.11.0/SteeringWheel2023/Drivers/SolarGatorsBSP_STM/etl/include/etl/array.h:87:9:etl::array<SolarGators::Drivers::InfoSquare, 4>::array()	24	static
C:/Users/Taylor Gerke/STM32CubeIDE/workspace_1.11.0/SteeringWheel2023/Drivers/SolarGatorsBSP_STM/etl/include/etl/array.h:87:9:etl::array<SolarGators::Drivers::InfoSquare, 4>::~array()	24	static
C:/Users/Taylor Gerke/STM32CubeIDE/workspace_1.11.0/SteeringWheel2023/Drivers/SolarGatorsBSP_STM/etl/include/etl/array.h:87:9:etl::array<SolarGators::Drivers::InfoSquare, 2>::array()	24	static
C:/Users/Taylor Gerke/STM32CubeIDE/workspace_1.11.0/SteeringWheel2023/Drivers/SolarGatorsBSP_STM/etl/include/etl/array.h:87:9:etl::array<SolarGators::Drivers::InfoSquare, 2>::~array()	24	static
../Drivers/SolarGatorsBSP_STM/Drivers/src/UI.cpp:30:1:SolarGators::Drivers::UI::UI(SolarGators::Drivers::ILI9341&)	128	static
../Drivers/SolarGatorsBSP_STM/Drivers/src/UI.cpp:59:1:SolarGators::Drivers::UI::~UI()	16	static
../Drivers/SolarGatorsBSP_STM/Drivers/src/UI.cpp:64:6:void SolarGators::Drivers::UI::UpdateSquare(uint8_t, etl::string<5>&)	24	static
../Drivers/SolarGatorsBSP_STM/Drivers/src/UI.cpp:74:6:void SolarGators::Drivers::UI::DrawSpeed()	32	static
C:/Users/Taylor Gerke/STM32CubeIDE/workspace_1.11.0/SteeringWheel2023/Drivers/SolarGatorsBSP_STM/etl/include/etl/string.h:54:9:etl::string<4>::~string()	16	static
../Drivers/SolarGatorsBSP_STM/Drivers/src/UI.cpp:84:6:void SolarGators::Drivers::UI::UpdateSpeed(float, uint8_t)	80	static
C:/Users/Taylor Gerke/STM32CubeIDE/workspace_1.11.0/SteeringWheel2023/Drivers/SolarGatorsBSP_STM/etl/include/etl/string.h:54:9:etl::string<40>::~string()	16	static
../Drivers/SolarGatorsBSP_STM/Drivers/src/UI.cpp:107:6:void SolarGators::Drivers::UI::UpdateBMSTrip(SolarGators::DataModules::OrionBMSRx4*)	216	static
../Drivers/SolarGatorsBSP_STM/Drivers/src/UI.cpp:182:6:void SolarGators::Drivers::UI::UpdateMitsubaTrip(SolarGators::DataModules::MitsubaRx2*)	128	static
../Drivers/SolarGatorsBSP_STM/Drivers/src/UI.cpp:239:6:void SolarGators::Drivers::UI::DrawTripCodes()	24	static
../Drivers/SolarGatorsBSP_STM/Drivers/src/UI.cpp:246:6:void SolarGators::Drivers::UI::ClearIndicators()	24	static
../Drivers/SolarGatorsBSP_STM/Drivers/src/UI.cpp:252:6:void SolarGators::Drivers::UI::SetLeftTurn()	24	static
../Drivers/SolarGatorsBSP_STM/Drivers/src/UI.cpp:257:6:void SolarGators::Drivers::UI::SetRightTurn()	24	static
../Drivers/SolarGatorsBSP_STM/Drivers/src/UI.cpp:262:6:void SolarGators::Drivers::UI::SetHazards()	24	static
../Drivers/SolarGatorsBSP_STM/Drivers/src/UI.cpp:268:6:void SolarGators::Drivers::UI::SetHeadlights()	24	static
../Drivers/SolarGatorsBSP_STM/Drivers/src/UI.cpp:279:6:void SolarGators::Drivers::UI::ClearHeadlights()	24	static
../Drivers/SolarGatorsBSP_STM/Drivers/src/UI.cpp:290:6:void SolarGators::Drivers::UI::UpdateSupBat(float)	72	static
../Drivers/SolarGatorsBSP_STM/Drivers/src/UI.cpp:306:6:void SolarGators::Drivers::UI::SetEco()	24	static
../Drivers/SolarGatorsBSP_STM/Drivers/src/UI.cpp:311:6:void SolarGators::Drivers::UI::ClearEco()	24	static
../Drivers/SolarGatorsBSP_STM/Drivers/src/UI.cpp:316:6:void SolarGators::Drivers::UI::SetReverse()	24	static
../Drivers/SolarGatorsBSP_STM/Drivers/src/UI.cpp:321:6:void SolarGators::Drivers::UI::ClearReverse()	24	static
../Drivers/SolarGatorsBSP_STM/Drivers/src/UI.cpp:326:6:void SolarGators::Drivers::UI::SetCruise()	24	static
../Drivers/SolarGatorsBSP_STM/Drivers/src/UI.cpp:335:6:void SolarGators::Drivers::UI::ClearCruise()	24	static
../Drivers/SolarGatorsBSP_STM/Drivers/src/UI.cpp:343:6:void SolarGators::Drivers::UI::SetExternalTrip()	24	static
C:/Users/Taylor Gerke/STM32CubeIDE/workspace_1.11.0/SteeringWheel2023/Drivers/SolarGatorsBSP_STM/etl/include/etl/flags.h:87:24:constexpr bool etl::flags<T, MASK>::test() const [with T pattern = 1; T = unsigned char; T MASK = 255]	16	static
C:/Users/Taylor Gerke/STM32CubeIDE/workspace_1.11.0/SteeringWheel2023/Drivers/SolarGatorsBSP_STM/etl/include/etl/flags.h:87:24:constexpr bool etl::flags<T, MASK>::test() const [with T pattern = 2; T = unsigned char; T MASK = 255]	16	static
C:/Users/Taylor Gerke/STM32CubeIDE/workspace_1.11.0/SteeringWheel2023/Drivers/SolarGatorsBSP_STM/etl/include/etl/flags.h:68:19:constexpr etl::flags<T, MASK>::flags() [with T = unsigned char; T MASK = 255]	16	static
C:/Users/Taylor Gerke/STM32CubeIDE/workspace_1.11.0/SteeringWheel2023/Drivers/SolarGatorsBSP_STM/etl/include/etl/basic_string.h:2271:5:etl::ibasic_string<T>::ibasic_string(T*, etl::string_base::size_type) [with T = char]	24	static
C:/Users/Taylor Gerke/STM32CubeIDE/workspace_1.11.0/SteeringWheel2023/Drivers/SolarGatorsBSP_STM/etl/include/etl/basic_string.h:2372:5:etl::ibasic_string<T>::~ibasic_string() [with T = char]	16	static
C:/Users/Taylor Gerke/STM32CubeIDE/workspace_1.11.0/SteeringWheel2023/Drivers/SolarGatorsBSP_STM/etl/include/etl/basic_string.h:2280:10:void etl::ibasic_string<T>::initialise() [with T = char]	16	static
C:/Users/Taylor Gerke/STM32CubeIDE/workspace_1.11.0/SteeringWheel2023/Drivers/SolarGatorsBSP_STM/etl/include/etl/basic_string.h:617:10:void etl::ibasic_string<T>::assign(const etl::ibasic_string<T>&) [with T = char]	24	static
C:/Users/Taylor Gerke/STM32CubeIDE/workspace_1.11.0/SteeringWheel2023/Drivers/SolarGatorsBSP_STM/etl/include/etl/basic_string.h:738:10:void etl::ibasic_string<T>::assign(TIterator, TIterator) [with TIterator = const char*; T = char]	40	static
C:/Users/Taylor Gerke/STM32CubeIDE/workspace_1.11.0/SteeringWheel2023/Drivers/SolarGatorsBSP_STM/etl/include/etl/basic_string.h:684:10:void etl::ibasic_string<T>::assign(etl::ibasic_string<T>::const_pointer) [with T = char]	24	static
C:/Users/Taylor Gerke/STM32CubeIDE/workspace_1.11.0/SteeringWheel2023/Drivers/SolarGatorsBSP_STM/etl/include/etl/basic_string.h:1317:19:const T* etl::ibasic_string<T>::c_str() const [with T = char]	16	static
C:/Users/Taylor Gerke/STM32CubeIDE/workspace_1.11.0/SteeringWheel2023/Drivers/SolarGatorsBSP_STM/etl/include/etl/string.h:112:35:etl::string<MAX_SIZE_>::string(const value_type*) [with unsigned int MAX_SIZE_ = 5]	24	static
C:/Users/Taylor Gerke/STM32CubeIDE/workspace_1.11.0/SteeringWheel2023/Drivers/SolarGatorsBSP_STM/etl/include/etl/string.h:68:5:etl::string<MAX_SIZE_>::string() [with unsigned int MAX_SIZE_ = 5]	16	static
C:/Users/Taylor Gerke/STM32CubeIDE/workspace_1.11.0/SteeringWheel2023/Drivers/SolarGatorsBSP_STM/etl/include/etl/array.h:321:26:constexpr size_t etl::array<T, SIZE_>::size() const [with T = SolarGators::Drivers::InfoSquare; unsigned int SIZE_ = 4]	16	static
C:/Users/Taylor Gerke/STM32CubeIDE/workspace_1.11.0/SteeringWheel2023/Drivers/SolarGatorsBSP_STM/etl/include/etl/array.h:143:15:T& etl::array<T, SIZE_>::operator[](size_t) [with T = SolarGators::Drivers::InfoSquare; unsigned int SIZE_ = 4]	16	static
C:/Users/Taylor Gerke/STM32CubeIDE/workspace_1.11.0/SteeringWheel2023/Drivers/SolarGatorsBSP_STM/etl/include/etl/string.h:199:13:etl::string<MAX_SIZE_>& etl::string<MAX_SIZE_>::operator=(const etl::string<MAX_SIZE_>&) [with unsigned int MAX_SIZE_ = 5]	16	static
C:/Users/Taylor Gerke/STM32CubeIDE/workspace_1.11.0/SteeringWheel2023/Drivers/SolarGatorsBSP_STM/etl/include/etl/string.h:226:13:etl::string<MAX_SIZE_>& etl::string<MAX_SIZE_>::operator=(const value_type*) [with unsigned int MAX_SIZE_ = 5]	16	static
C:/Users/Taylor Gerke/STM32CubeIDE/workspace_1.11.0/SteeringWheel2023/Drivers/SolarGatorsBSP_STM/etl/include/etl/array.h:321:26:constexpr size_t etl::array<T, SIZE_>::size() const [with T = SolarGators::Drivers::InfoSquare; unsigned int SIZE_ = 2]	16	static
C:/Users/Taylor Gerke/STM32CubeIDE/workspace_1.11.0/SteeringWheel2023/Drivers/SolarGatorsBSP_STM/etl/include/etl/array.h:143:15:T& etl::array<T, SIZE_>::operator[](size_t) [with T = SolarGators::Drivers::InfoSquare; unsigned int SIZE_ = 2]	16	static
C:/Users/Taylor Gerke/STM32CubeIDE/workspace_1.11.0/SteeringWheel2023/Drivers/SolarGatorsBSP_STM/etl/include/etl/string.h:68:5:etl::string<MAX_SIZE_>::string() [with unsigned int MAX_SIZE_ = 4]	16	static
C:/Users/Taylor Gerke/STM32CubeIDE/workspace_1.11.0/SteeringWheel2023/Drivers/SolarGatorsBSP_STM/etl/include/etl/basic_format_spec.h:209:19:constexpr etl::basic_format_spec<TString>::basic_format_spec() [with TString = etl::ibasic_string<char>]	16	static
C:/Users/Taylor Gerke/STM32CubeIDE/workspace_1.11.0/SteeringWheel2023/Drivers/SolarGatorsBSP_STM/etl/include/etl/basic_format_spec.h:356:40:constexpr etl::basic_format_spec<TString>& etl::basic_format_spec<TString>::precision(uint32_t) [with TString = etl::ibasic_string<char>]	16	static
C:/Users/Taylor Gerke/STM32CubeIDE/workspace_1.11.0/SteeringWheel2023/Drivers/SolarGatorsBSP_STM/etl/include/etl/basic_format_spec.h:338:40:constexpr etl::basic_format_spec<TString>& etl::basic_format_spec<TString>::width(uint32_t) [with TString = etl::ibasic_string<char>]	16	static
C:/Users/Taylor Gerke/STM32CubeIDE/workspace_1.11.0/SteeringWheel2023/Drivers/SolarGatorsBSP_STM/etl/include/etl/basic_format_spec.h:392:40:constexpr etl::basic_format_spec<TString>& etl::basic_format_spec<TString>::fill(typename TString::value_type) [with TString = etl::ibasic_string<char>]	16	static
C:/Users/Taylor Gerke/STM32CubeIDE/workspace_1.11.0/SteeringWheel2023/Drivers/SolarGatorsBSP_STM/etl/include/etl/to_string.h:63:5:typename etl::enable_if<((! etl::is_same<T, etl::ibasic_string<char> >::value) && (! etl::is_same<T, etl::basic_string_view<char> >::value)), const etl::ibasic_string<char>&>::type etl::to_string(T, etl::istring&, const format_spec&, bool) [with T = float]	24	static
C:/Users/Taylor Gerke/STM32CubeIDE/workspace_1.11.0/SteeringWheel2023/Drivers/SolarGatorsBSP_STM/etl/include/etl/string.h:112:35:etl::string<MAX_SIZE_>::string(const value_type*) [with unsigned int MAX_SIZE_ = 40]	24	static
C:/Users/Taylor Gerke/STM32CubeIDE/workspace_1.11.0/SteeringWheel2023/Drivers/SolarGatorsBSP_STM/etl/include/etl/string.h:226:13:etl::string<MAX_SIZE_>& etl::string<MAX_SIZE_>::operator=(const value_type*) [with unsigned int MAX_SIZE_ = 40]	16	static
C:/Users/Taylor Gerke/STM32CubeIDE/workspace_1.11.0/SteeringWheel2023/Drivers/SolarGatorsBSP_STM/etl/include/etl/basic_string.h:2343:10:void etl::ibasic_string<T>::cleanup() [with T = char]	16	static
C:/Users/Taylor Gerke/STM32CubeIDE/workspace_1.11.0/SteeringWheel2023/Drivers/SolarGatorsBSP_STM/etl/include/etl/basic_string.h:347:20:const T* etl::ibasic_string<T>::begin() const [with T = char]	16	static
C:/Users/Taylor Gerke/STM32CubeIDE/workspace_1.11.0/SteeringWheel2023/Drivers/SolarGatorsBSP_STM/etl/include/etl/basic_string.h:365:20:const T* etl::ibasic_string<T>::end() const [with T = char]	16	static
C:/Users/Taylor Gerke/STM32CubeIDE/workspace_1.11.0/SteeringWheel2023/Drivers/SolarGatorsBSP_STM/etl/include/etl/char_traits.h:117:35:static constexpr size_t etl::char_traits<T>::length(const char_type*) [with T = char]	24	static
C:/Users/Taylor Gerke/STM32CubeIDE/workspace_1.11.0/SteeringWheel2023/Drivers/SolarGatorsBSP_STM/etl/include/etl/iterator.h:219:77:typename std::iterator_traits< <template-parameter-1-1> >::difference_type etl::distance(TIterator, TIterator) [with TIterator = const char*]	16	static
C:/Users/Taylor Gerke/STM32CubeIDE/workspace_1.11.0/SteeringWheel2023/Drivers/SolarGatorsBSP_STM/etl/include/etl/algorithm.h:748:8:void etl::fill(TIterator, TIterator, const TValue&) [with TIterator = char*; TValue = char]	24	static
C:/Users/Taylor Gerke/STM32CubeIDE/workspace_1.11.0/SteeringWheel2023/Drivers/SolarGatorsBSP_STM/etl/include/etl/private/to_string_helper.h:618:7:typename etl::enable_if<etl::is_floating_point<T>::value, const TIString&>::type etl::private_to_string::to_string(T, TIString&, const etl::basic_format_spec<TIString>&, bool) [with T = float; TIString = etl::ibasic_string<char>]	24	static
C:/Users/Taylor Gerke/STM32CubeIDE/workspace_1.11.0/SteeringWheel2023/Drivers/SolarGatorsBSP_STM/etl/include/etl/memory.h:1906:8:void etl::memory_clear_range(volatile T*, volatile T*) [with T = char]	24	static
C:/Users/Taylor Gerke/STM32CubeIDE/workspace_1.11.0/SteeringWheel2023/Drivers/SolarGatorsBSP_STM/etl/include/etl/basic_string.h:338:14:T* etl::ibasic_string<T>::begin() [with T = char]	16	static
c:\st\stm32cubeide_1.11.0\stm32cubeide\plugins\com.st.stm32cube.ide.mcu.externaltools.gnu-tools-for-stm32.10.3-2021.10.win32_1.0.100.202210260954\tools\bin\../lib/gcc/arm-none-eabi/10.3.1/../../../../arm-none-eabi/include/c++/10.3.1/bits/stl_iterator_base_funcs.h:138:5:typename std::iterator_traits< <template-parameter-1-1> >::difference_type std::distance(_InputIterator, _InputIterator) [with _InputIterator = const char*]	24	static
c:\st\stm32cubeide_1.11.0\stm32cubeide\plugins\com.st.stm32cube.ide.mcu.externaltools.gnu-tools-for-stm32.10.3-2021.10.win32_1.0.100.202210260954\tools\arm-none-eabi\include\c++\10.3.1\bits\stl_algobase.h:937:5:void std::fill(_ForwardIterator, _ForwardIterator, const _Tp&) [with _ForwardIterator = char*; _Tp = char]	24	static
C:/Users/Taylor Gerke/STM32CubeIDE/workspace_1.11.0/SteeringWheel2023/Drivers/SolarGatorsBSP_STM/etl/include/etl/basic_format_spec.h:365:28:constexpr uint32_t etl::basic_format_spec<TString>::get_precision() const [with TString = etl::ibasic_string<char>]	16	static
C:/Users/Taylor Gerke/STM32CubeIDE/workspace_1.11.0/SteeringWheel2023/Drivers/SolarGatorsBSP_STM/etl/include/etl/basic_format_spec.h:428:40:constexpr etl::basic_format_spec<TString>& etl::basic_format_spec<TString>::right() [with TString = etl::ibasic_string<char>]	16	static
c:\users\taylor gerke\stm32cubeide\workspace_1.11.0\steeringwheel2023\drivers\solargatorsbsp_stm\etl\include\etl\absolute.h:43:5:constexpr typename etl::enable_if<etl::is_signed<T>::value, T>::type etl::absolute(T) [with T = float]	16	static
C:/Users/Taylor Gerke/STM32CubeIDE/workspace_1.11.0/SteeringWheel2023/Drivers/SolarGatorsBSP_STM/etl/include/etl/private/to_string_helper.h:295:10:void etl::private_to_string::add_floating_point(T, TIString&, const etl::basic_format_spec<TIString>&, bool) [with T = float; TIString = etl::ibasic_string<char>]	152	static
C:/Users/Taylor Gerke/STM32CubeIDE/workspace_1.11.0/SteeringWheel2023/Drivers/SolarGatorsBSP_STM/etl/include/etl/iterator.h:219:77:typename std::iterator_traits< <template-parameter-1-1> >::difference_type etl::distance(TIterator, TIterator) [with TIterator = volatile char*]	16	static
C:/Users/Taylor Gerke/STM32CubeIDE/workspace_1.11.0/SteeringWheel2023/Drivers/SolarGatorsBSP_STM/etl/include/etl/memory.h:1893:8:void etl::memory_clear_range(volatile T*, size_t) [with T = char]	16	static
c:\st\stm32cubeide_1.11.0\stm32cubeide\plugins\com.st.stm32cube.ide.mcu.externaltools.gnu-tools-for-stm32.10.3-2021.10.win32_1.0.100.202210260954\tools\bin\../lib/gcc/arm-none-eabi/10.3.1/../../../../arm-none-eabi/include/c++/10.3.1/bits/stl_iterator_base_types.h:238:5:constexpr typename std::iterator_traits< <template-parameter-1-1> >::iterator_category std::__iterator_category(const _Iter&) [with _Iter = const char*]	16	static
c:\st\stm32cubeide_1.11.0\stm32cubeide\plugins\com.st.stm32cube.ide.mcu.externaltools.gnu-tools-for-stm32.10.3-2021.10.win32_1.0.100.202210260954\tools\bin\../lib/gcc/arm-none-eabi/10.3.1/../../../../arm-none-eabi/include/c++/10.3.1/bits/stl_iterator_base_funcs.h:98:5:constexpr typename std::iterator_traits< <template-parameter-1-1> >::difference_type std::__distance(_RandomAccessIterator, _RandomAccessIterator, std::random_access_iterator_tag) [with _RandomAccessIterator = const char*]	24	static
c:\st\stm32cubeide_1.11.0\stm32cubeide\plugins\com.st.stm32cube.ide.mcu.externaltools.gnu-tools-for-stm32.10.3-2021.10.win32_1.0.100.202210260954\tools\arm-none-eabi\include\c++\10.3.1\bits\stl_algobase.h:913:5:void std::__fill_a(_FIte, _FIte, const _Tp&) [with _FIte = char*; _Tp = char]	24	static
C:/Users/Taylor Gerke/STM32CubeIDE/workspace_1.11.0/SteeringWheel2023/Drivers/SolarGatorsBSP_STM/etl/include/etl/basic_string.h:791:10:void etl::ibasic_string<T>::clear() [with T = char]	16	static
C:/Users/Taylor Gerke/STM32CubeIDE/workspace_1.11.0/SteeringWheel2023/Drivers/SolarGatorsBSP_STM/etl/include/etl/basic_string.h:356:14:T* etl::ibasic_string<T>::end() [with T = char]	16	static
C:/Users/Taylor Gerke/STM32CubeIDE/workspace_1.11.0/SteeringWheel2023/Drivers/SolarGatorsBSP_STM/etl/include/etl/private/to_string_helper.h:226:10:void etl::private_to_string::add_nan_inf(bool, bool, TIString&) [with TIString = etl::ibasic_string<char>]	24	static
C:/Users/Taylor Gerke/STM32CubeIDE/workspace_1.11.0/SteeringWheel2023/Drivers/SolarGatorsBSP_STM/etl/include/etl/basic_format_spec.h:262:40:constexpr etl::basic_format_spec<TString>& etl::basic_format_spec<TString>::base(uint32_t) [with TString = etl::ibasic_string<char>]	16	static
C:/Users/Taylor Gerke/STM32CubeIDE/workspace_1.11.0/SteeringWheel2023/Drivers/SolarGatorsBSP_STM/etl/include/etl/basic_format_spec.h:292:40:constexpr etl::basic_format_spec<TString>& etl::basic_format_spec<TString>::decimal() [with TString = etl::ibasic_string<char>]	16	static
c:\users\taylor gerke\stm32cubeide\workspace_1.11.0\steeringwheel2023\drivers\solargatorsbsp_stm\etl\include\etl\negative.h:44:5:constexpr typename etl::enable_if<etl::is_signed<T>::value, bool>::type etl::is_negative(T) [with T = float]	16	static
C:/Users/Taylor Gerke/STM32CubeIDE/workspace_1.11.0/SteeringWheel2023/Drivers/SolarGatorsBSP_STM/etl/include/etl/private/to_string_helper.h:272:10:void etl::private_to_string::add_integral_and_fractional(uint64_t, uint64_t, TIString&, const etl::basic_format_spec<TIString>&, const etl::basic_format_spec<TIString>&, bool) [with TIString = etl::ibasic_string<char>]	32	static
C:/Users/Taylor Gerke/STM32CubeIDE/workspace_1.11.0/SteeringWheel2023/Drivers/SolarGatorsBSP_STM/etl/include/etl/basic_format_spec.h:347:28:constexpr uint32_t etl::basic_format_spec<TString>::get_width() const [with TString = etl::ibasic_string<char>]	16	static
C:/Users/Taylor Gerke/STM32CubeIDE/workspace_1.11.0/SteeringWheel2023/Drivers/SolarGatorsBSP_STM/etl/include/etl/basic_format_spec.h:419:24:constexpr bool etl::basic_format_spec<TString>::is_left() const [with TString = etl::ibasic_string<char>]	16	static
C:/Users/Taylor Gerke/STM32CubeIDE/workspace_1.11.0/SteeringWheel2023/Drivers/SolarGatorsBSP_STM/etl/include/etl/private/to_string_helper.h:69:10:void etl::private_to_string::add_alignment(TIString&, typename TIString::iterator, const etl::basic_format_spec<TIString>&) [with TIString = etl::ibasic_string<char>]	40	static
c:\st\stm32cubeide_1.11.0\stm32cubeide\plugins\com.st.stm32cube.ide.mcu.externaltools.gnu-tools-for-stm32.10.3-2021.10.win32_1.0.100.202210260954\tools\bin\../lib/gcc/arm-none-eabi/10.3.1/../../../../arm-none-eabi/include/c++/10.3.1/bits/stl_iterator_base_funcs.h:138:5:typename std::iterator_traits< <template-parameter-1-1> >::difference_type std::distance(_InputIterator, _InputIterator) [with _InputIterator = volatile char*]	24	static
c:\st\stm32cubeide_1.11.0\stm32cubeide\plugins\com.st.stm32cube.ide.mcu.externaltools.gnu-tools-for-stm32.10.3-2021.10.win32_1.0.100.202210260954\tools\arm-none-eabi\include\c++\10.3.1\bits\stl_algobase.h:881:5:typename __gnu_cxx::__enable_if<std::__is_byte<_Tp>::__value, void>::__type std::__fill_a1(_Tp*, _Tp*, const _Tp&) [with _Tp = char]	32	static
c:\st\stm32cubeide_1.11.0\stm32cubeide\plugins\com.st.stm32cube.ide.mcu.externaltools.gnu-tools-for-stm32.10.3-2021.10.win32_1.0.100.202210260954\tools\arm-none-eabi\include\c++\10.3.1\bits\range_access.h:90:5:constexpr _Tp* std::begin(_Tp (&)[_Nm]) [with _Tp = const char; unsigned int _Nm = 3]	16	static
c:\st\stm32cubeide_1.11.0\stm32cubeide\plugins\com.st.stm32cube.ide.mcu.externaltools.gnu-tools-for-stm32.10.3-2021.10.win32_1.0.100.202210260954\tools\arm-none-eabi\include\c++\10.3.1\bits\range_access.h:100:5:constexpr _Tp* std::end(_Tp (&)[_Nm]) [with _Tp = const char; unsigned int _Nm = 3]	16	static
C:/Users/Taylor Gerke/STM32CubeIDE/workspace_1.11.0/SteeringWheel2023/Drivers/SolarGatorsBSP_STM/etl/include/etl/basic_string.h:1057:14:T* etl::ibasic_string<T>::insert(etl::ibasic_string<T>::const_iterator, TIterator, TIterator) [with TIterator = const char*; T = char]	64	static
C:/Users/Taylor Gerke/STM32CubeIDE/workspace_1.11.0/SteeringWheel2023/Drivers/SolarGatorsBSP_STM/etl/include/etl/basic_format_spec.h:311:28:constexpr uint32_t etl::basic_format_spec<TString>::get_base() const [with TString = etl::ibasic_string<char>]	16	static
c:\users\taylor gerke\stm32cubeide\workspace_1.11.0\steeringwheel2023\drivers\solargatorsbsp_stm\etl\include\etl\absolute.h:53:5:constexpr typename etl::enable_if<etl::is_unsigned<T>::value, T>::type etl::absolute(T) [with T = long long unsigned int]	16	static
C:/Users/Taylor Gerke/STM32CubeIDE/workspace_1.11.0/SteeringWheel2023/Drivers/SolarGatorsBSP_STM/etl/include/etl/basic_format_spec.h:383:24:constexpr bool etl::basic_format_spec<TString>::is_upper_case() const [with TString = etl::ibasic_string<char>]	16	static
C:/Users/Taylor Gerke/STM32CubeIDE/workspace_1.11.0/SteeringWheel2023/Drivers/SolarGatorsBSP_STM/etl/include/etl/basic_format_spec.h:329:24:constexpr bool etl::basic_format_spec<TString>::is_show_base() const [with TString = etl::ibasic_string<char>]	16	static
C:/Users/Taylor Gerke/STM32CubeIDE/workspace_1.11.0/SteeringWheel2023/Drivers/SolarGatorsBSP_STM/etl/include/etl/private/to_string_helper.h:142:10:void etl::private_to_string::add_integral(T, TIString&, const etl::basic_format_spec<TIString>&, bool, bool) [with T = long long unsigned int; TIString = etl::ibasic_string<char>]	56	static
C:/Users/Taylor Gerke/STM32CubeIDE/workspace_1.11.0/SteeringWheel2023/Drivers/SolarGatorsBSP_STM/etl/include/etl/basic_string.h:801:10:void etl::ibasic_string<T>::push_back(T) [with T = char]	16	static
C:/Users/Taylor Gerke/STM32CubeIDE/workspace_1.11.0/SteeringWheel2023/Drivers/SolarGatorsBSP_STM/etl/include/etl/iterator.h:219:77:typename std::iterator_traits< <template-parameter-1-1> >::difference_type etl::distance(TIterator, TIterator) [with TIterator = char*]	16	static
C:/Users/Taylor Gerke/STM32CubeIDE/workspace_1.11.0/SteeringWheel2023/Drivers/SolarGatorsBSP_STM/etl/include/etl/basic_format_spec.h:401:48:constexpr typename TString::value_type etl::basic_format_spec<TString>::get_fill() const [with TString = etl::ibasic_string<char>]	16	static
C:/Users/Taylor Gerke/STM32CubeIDE/workspace_1.11.0/SteeringWheel2023/Drivers/SolarGatorsBSP_STM/etl/include/etl/basic_string.h:970:14:T* etl::ibasic_string<T>::insert(etl::ibasic_string<T>::const_iterator, etl::string_base::size_type, T) [with T = char]	64	static
c:\st\stm32cubeide_1.11.0\stm32cubeide\plugins\com.st.stm32cube.ide.mcu.externaltools.gnu-tools-for-stm32.10.3-2021.10.win32_1.0.100.202210260954\tools\bin\../lib/gcc/arm-none-eabi/10.3.1/../../../../arm-none-eabi/include/c++/10.3.1/bits/stl_iterator_base_funcs.h:138:5:typename std::iterator_traits< <template-parameter-1-1> >::difference_type std::distance(_InputIterator, _InputIterator) [with _InputIterator = char*]	24	static
c:\st\stm32cubeide_1.11.0\stm32cubeide\plugins\com.st.stm32cube.ide.mcu.externaltools.gnu-tools-for-stm32.10.3-2021.10.win32_1.0.100.202210260954\tools\bin\../lib/gcc/arm-none-eabi/10.3.1/../../../../arm-none-eabi/include/c++/10.3.1/bits/stl_iterator_base_types.h:238:5:constexpr typename std::iterator_traits< <template-parameter-1-1> >::iterator_category std::__iterator_category(const _Iter&) [with _Iter = volatile char*]	16	static
c:\st\stm32cubeide_1.11.0\stm32cubeide\plugins\com.st.stm32cube.ide.mcu.externaltools.gnu-tools-for-stm32.10.3-2021.10.win32_1.0.100.202210260954\tools\bin\../lib/gcc/arm-none-eabi/10.3.1/../../../../arm-none-eabi/include/c++/10.3.1/bits/stl_iterator_base_funcs.h:98:5:constexpr typename std::iterator_traits< <template-parameter-1-1> >::difference_type std::__distance(_RandomAccessIterator, _RandomAccessIterator, std::random_access_iterator_tag) [with _RandomAccessIterator = volatile char*]	24	static
C:/Users/Taylor Gerke/STM32CubeIDE/workspace_1.11.0/SteeringWheel2023/Drivers/SolarGatorsBSP_STM/etl/include/etl/basic_string.h:2387:14:T* etl::ibasic_string<T>::to_iterator(etl::ibasic_string<T>::const_iterator) const [with T = char]	16	static
C:/Users/Taylor Gerke/STM32CubeIDE/workspace_1.11.0/SteeringWheel2023/Drivers/SolarGatorsBSP_STM/etl/include/etl/algorithm.h:316:14:TIterator2 etl::copy_backward(TIterator1, TIterator1, TIterator2) [with TIterator1 = char*; TIterator2 = char*]	24	static
C:/Users/Taylor Gerke/STM32CubeIDE/workspace_1.11.0/SteeringWheel2023/Drivers/SolarGatorsBSP_STM/etl/include/etl/algorithm.h:569:5:constexpr typename etl::enable_if<etl::is_pointer<T>::value, void>::type etl::reverse(TIterator, TIterator) [with TIterator = char*]	16	static
C:/Users/Taylor Gerke/STM32CubeIDE/workspace_1.11.0/SteeringWheel2023/Drivers/SolarGatorsBSP_STM/etl/include/etl/basic_string.h:374:20:const T* etl::ibasic_string<T>::cbegin() const [with T = char]	16	static
c:\st\stm32cubeide_1.11.0\stm32cubeide\plugins\com.st.stm32cube.ide.mcu.externaltools.gnu-tools-for-stm32.10.3-2021.10.win32_1.0.100.202210260954\tools\bin\../lib/gcc/arm-none-eabi/10.3.1/../../../../arm-none-eabi/include/c++/10.3.1/bits/stl_iterator_base_types.h:238:5:constexpr typename std::iterator_traits< <template-parameter-1-1> >::iterator_category std::__iterator_category(const _Iter&) [with _Iter = char*]	16	static
c:\st\stm32cubeide_1.11.0\stm32cubeide\plugins\com.st.stm32cube.ide.mcu.externaltools.gnu-tools-for-stm32.10.3-2021.10.win32_1.0.100.202210260954\tools\bin\../lib/gcc/arm-none-eabi/10.3.1/../../../../arm-none-eabi/include/c++/10.3.1/bits/stl_iterator_base_funcs.h:98:5:constexpr typename std::iterator_traits< <template-parameter-1-1> >::difference_type std::__distance(_RandomAccessIterator, _RandomAccessIterator, std::random_access_iterator_tag) [with _RandomAccessIterator = char*]	24	static
c:\st\stm32cubeide_1.11.0\stm32cubeide\plugins\com.st.stm32cube.ide.mcu.externaltools.gnu-tools-for-stm32.10.3-2021.10.win32_1.0.100.202210260954\tools\arm-none-eabi\include\c++\10.3.1\bits\stl_algobase.h:797:5:_BI2 std::copy_backward(_BI1, _BI1, _BI2) [with _BI1 = char*; _BI2 = char*]	32	static
C:/Users/Taylor Gerke/STM32CubeIDE/workspace_1.11.0/SteeringWheel2023/Drivers/SolarGatorsBSP_STM/etl/include/etl/algorithm.h:83:8:constexpr void etl::iter_swap(TIterator1, TIterator2) [with TIterator1 = char*; TIterator2 = char*]	16	static
c:\st\stm32cubeide_1.11.0\stm32cubeide\plugins\com.st.stm32cube.ide.mcu.externaltools.gnu-tools-for-stm32.10.3-2021.10.win32_1.0.100.202210260954\tools\arm-none-eabi\include\c++\10.3.1\bits\stl_algobase.h:313:5:_Iterator std::__niter_base(_Iterator) [with _Iterator = char*]	16	static
c:\st\stm32cubeide_1.11.0\stm32cubeide\plugins\com.st.stm32cube.ide.mcu.externaltools.gnu-tools-for-stm32.10.3-2021.10.win32_1.0.100.202210260954\tools\arm-none-eabi\include\c++\10.3.1\bits\stl_algobase.h:330:5:_Iterator std::__niter_wrap(const _Iterator&, _Iterator) [with _Iterator = char*]	16	static
c:\st\stm32cubeide_1.11.0\stm32cubeide\plugins\com.st.stm32cube.ide.mcu.externaltools.gnu-tools-for-stm32.10.3-2021.10.win32_1.0.100.202210260954\tools\arm-none-eabi\include\c++\10.3.1\bits\cpp_type_traits.h:544:5:_Iterator std::__miter_base(_Iterator) [with _Iterator = char*]	16	static
c:\st\stm32cubeide_1.11.0\stm32cubeide\plugins\com.st.stm32cube.ide.mcu.externaltools.gnu-tools-for-stm32.10.3-2021.10.win32_1.0.100.202210260954\tools\arm-none-eabi\include\c++\10.3.1\bits\stl_algobase.h:745:5:_OI std::__copy_move_backward_a(_II, _II, _OI) [with bool _IsMove = false; _II = char*; _OI = char*]	32	static
c:\st\stm32cubeide_1.11.0\stm32cubeide\plugins\com.st.stm32cube.ide.mcu.externaltools.gnu-tools-for-stm32.10.3-2021.10.win32_1.0.100.202210260954\tools\arm-none-eabi\include\c++\10.3.1\bits\move.h:101:5:constexpr typename std::remove_reference<_Tp>::type&& std::move(_Tp&&) [with _Tp = char&]	16	static
c:\st\stm32cubeide_1.11.0\stm32cubeide\plugins\com.st.stm32cube.ide.mcu.externaltools.gnu-tools-for-stm32.10.3-2021.10.win32_1.0.100.202210260954\tools\arm-none-eabi\include\c++\10.3.1\bits\move.h:189:5:std::_Require<std::__not_<std::__is_tuple_like<_Tp> >, std::is_move_constructible<_Tp>, std::is_move_assignable<_Tp> > std::swap(_Tp&, _Tp&) [with _Tp = char]	24	static
c:\st\stm32cubeide_1.11.0\stm32cubeide\plugins\com.st.stm32cube.ide.mcu.externaltools.gnu-tools-for-stm32.10.3-2021.10.win32_1.0.100.202210260954\tools\arm-none-eabi\include\c++\10.3.1\bits\stl_algobase.h:717:5:_BI2 std::__copy_move_backward_a1(_BI1, _BI1, _BI2) [with bool _IsMove = false; _BI1 = char*; _BI2 = char*]	24	static
c:\st\stm32cubeide_1.11.0\stm32cubeide\plugins\com.st.stm32cube.ide.mcu.externaltools.gnu-tools-for-stm32.10.3-2021.10.win32_1.0.100.202210260954\tools\arm-none-eabi\include\c++\10.3.1\bits\stl_algobase.h:699:5:_BI2 std::__copy_move_backward_a2(_BI1, _BI1, _BI2) [with bool _IsMove = false; _BI1 = char*; _BI2 = char*]	24	static
c:\st\stm32cubeide_1.11.0\stm32cubeide\plugins\com.st.stm32cube.ide.mcu.externaltools.gnu-tools-for-stm32.10.3-2021.10.win32_1.0.100.202210260954\tools\arm-none-eabi\include\c++\10.3.1\bits\stl_algobase.h:680:2:static _Tp* std::__copy_move_backward<_IsMove, true, std::random_access_iterator_tag>::__copy_move_b(const _Tp*, const _Tp*, _Tp*) [with _Tp = char; bool _IsMove = false]	32	static
