C:/Users/Taylor Gerke/STM32CubeIDE/workspace_1.11.0/SteeringWheel2023/Drivers/SolarGatorsBSP_STM/CAN-Decoder/src/DataModules/inc/DataModule.hpp:27:3:SolarGators::DataModules::DataModule::DataModule(uint32_t, uint16_t, uint32_t, uint16_t, bool, bool)	24	static
C:/Users/Taylor Gerke/STM32CubeIDE/workspace_1.11.0/SteeringWheel2023/Drivers/SolarGatorsBSP_STM/CAN-Decoder/src/DataModules/inc/DataModule.hpp:34:11:SolarGators::DataModules::DataModule::~DataModule()	16	static
C:/Users/Taylor Gerke/STM32CubeIDE/workspace_1.11.0/SteeringWheel2023/Drivers/SolarGatorsBSP_STM/CAN-Decoder/src/DataModules/inc/DataModule.hpp:34:11:virtual SolarGators::DataModules::DataModule::~DataModule()	16	static
../Drivers/SolarGatorsBSP_STM/CAN-Decoder/src/DataModules/src/FrontLights.cpp:17:1:SolarGators::DataModules::FrontLights::FrontLights()	32	static
../Drivers/SolarGatorsBSP_STM/CAN-Decoder/src/DataModules/src/FrontLights.cpp:24:1:SolarGators::DataModules::FrontLights::~FrontLights()	16	static
../Drivers/SolarGatorsBSP_STM/CAN-Decoder/src/DataModules/src/FrontLights.cpp:24:1:virtual SolarGators::DataModules::FrontLights::~FrontLights()	16	static
../Drivers/SolarGatorsBSP_STM/CAN-Decoder/src/DataModules/src/FrontLights.cpp:27:10:uint16_t SolarGators::DataModules::FrontLights::GetThrottleVal() const	16	static
../Drivers/SolarGatorsBSP_STM/CAN-Decoder/src/DataModules/src/FrontLights.cpp:32:6:bool SolarGators::DataModules::FrontLights::GetBreaksVal() const	16	static
../Drivers/SolarGatorsBSP_STM/CAN-Decoder/src/DataModules/src/FrontLights.cpp:37:6:virtual void SolarGators::DataModules::FrontLights::ToByteArray(uint8_t*) const	16	static
../Drivers/SolarGatorsBSP_STM/CAN-Decoder/src/DataModules/src/FrontLights.cpp:43:6:virtual void SolarGators::DataModules::FrontLights::FromByteArray(uint8_t*)	16	static
