C:/Users/Taylor Gerke/STM32CubeIDE/workspace_1.11.0/SteeringWheel2023/Drivers/SolarGatorsBSP_STM/CAN-Decoder/src/DataModules/inc/DataModule.hpp:27:3:SolarGators::DataModules::DataModule::DataModule(uint32_t, uint16_t, uint32_t, uint16_t, bool, bool)	24	static
C:/Users/Taylor Gerke/STM32CubeIDE/workspace_1.11.0/SteeringWheel2023/Drivers/SolarGatorsBSP_STM/CAN-Decoder/src/DataModules/inc/DataModule.hpp:34:11:SolarGators::DataModules::DataModule::~DataModule()	16	static
C:/Users/Taylor Gerke/STM32CubeIDE/workspace_1.11.0/SteeringWheel2023/Drivers/SolarGatorsBSP_STM/CAN-Decoder/src/DataModules/inc/DataModule.hpp:34:11:virtual SolarGators::DataModules::DataModule::~DataModule()	16	static
../Drivers/SolarGatorsBSP_STM/CAN-Decoder/src/DataModules/src/Mitsuba.cpp:14:1:SolarGators::DataModules::MitsubaRequest::MitsubaRequest(uint32_t)	32	static
../Drivers/SolarGatorsBSP_STM/CAN-Decoder/src/DataModules/src/Mitsuba.cpp:18:1:SolarGators::DataModules::MitsubaRequest::~MitsubaRequest()	16	static
../Drivers/SolarGatorsBSP_STM/CAN-Decoder/src/DataModules/src/Mitsuba.cpp:18:1:virtual SolarGators::DataModules::MitsubaRequest::~MitsubaRequest()	16	static
../Drivers/SolarGatorsBSP_STM/CAN-Decoder/src/DataModules/src/Mitsuba.cpp:22:6:void SolarGators::DataModules::MitsubaRequest::SetRequests(bool, bool, bool)	16	static
../Drivers/SolarGatorsBSP_STM/CAN-Decoder/src/DataModules/src/Mitsuba.cpp:29:6:void SolarGators::DataModules::MitsubaRequest::ClearRequests()	16	static
../Drivers/SolarGatorsBSP_STM/CAN-Decoder/src/DataModules/src/Mitsuba.cpp:36:6:void SolarGators::DataModules::MitsubaRequest::SetRequestAllFrames()	16	static
../Drivers/SolarGatorsBSP_STM/CAN-Decoder/src/DataModules/src/Mitsuba.cpp:43:6:virtual void SolarGators::DataModules::MitsubaRequest::ToByteArray(uint8_t*) const	16	static
../Drivers/SolarGatorsBSP_STM/CAN-Decoder/src/DataModules/src/Mitsuba.cpp:50:6:virtual void SolarGators::DataModules::MitsubaRequest::FromByteArray(uint8_t*)	16	static
../Drivers/SolarGatorsBSP_STM/CAN-Decoder/src/DataModules/src/Mitsuba.cpp:57:1:SolarGators::DataModules::MitsubaRx0::MitsubaRx0(uint32_t, uint16_t)	40	static
../Drivers/SolarGatorsBSP_STM/CAN-Decoder/src/DataModules/src/Mitsuba.cpp:63:1:SolarGators::DataModules::MitsubaRx0::~MitsubaRx0()	16	static
../Drivers/SolarGatorsBSP_STM/CAN-Decoder/src/DataModules/src/Mitsuba.cpp:63:1:virtual SolarGators::DataModules::MitsubaRx0::~MitsubaRx0()	16	static
../Drivers/SolarGatorsBSP_STM/CAN-Decoder/src/DataModules/src/Mitsuba.cpp:67:7:float SolarGators::DataModules::MitsubaRx0::GetBatteryVoltage() const	16	static
../Drivers/SolarGatorsBSP_STM/CAN-Decoder/src/DataModules/src/Mitsuba.cpp:71:10:uint16_t SolarGators::DataModules::MitsubaRx0::GetBatteryCurrent() const	16	static
../Drivers/SolarGatorsBSP_STM/CAN-Decoder/src/DataModules/src/Mitsuba.cpp:75:6:bool SolarGators::DataModules::MitsubaRx0::GetBatteryCurrentDir() const	16	static
../Drivers/SolarGatorsBSP_STM/CAN-Decoder/src/DataModules/src/Mitsuba.cpp:79:10:uint16_t SolarGators::DataModules::MitsubaRx0::GetMotorCurrentPkAvg() const	16	static
../Drivers/SolarGatorsBSP_STM/CAN-Decoder/src/DataModules/src/Mitsuba.cpp:83:10:uint16_t SolarGators::DataModules::MitsubaRx0::GetFetTemp() const	16	static
../Drivers/SolarGatorsBSP_STM/CAN-Decoder/src/DataModules/src/Mitsuba.cpp:87:10:uint16_t SolarGators::DataModules::MitsubaRx0::GetMotorRPM() const	16	static
../Drivers/SolarGatorsBSP_STM/CAN-Decoder/src/DataModules/src/Mitsuba.cpp:91:7:float SolarGators::DataModules::MitsubaRx0::GetPWMDuty() const	16	static
../Drivers/SolarGatorsBSP_STM/CAN-Decoder/src/DataModules/src/Mitsuba.cpp:95:7:float SolarGators::DataModules::MitsubaRx0::GetLeadAngle() const	16	static
../Drivers/SolarGatorsBSP_STM/CAN-Decoder/src/DataModules/src/Mitsuba.cpp:100:6:virtual void SolarGators::DataModules::MitsubaRx0::ToByteArray(uint8_t*) const	24	static
../Drivers/SolarGatorsBSP_STM/CAN-Decoder/src/DataModules/src/Mitsuba.cpp:137:6:virtual void SolarGators::DataModules::MitsubaRx0::FromByteArray(uint8_t*)	40	static
../Drivers/SolarGatorsBSP_STM/CAN-Decoder/src/DataModules/src/Mitsuba.cpp:176:1:SolarGators::DataModules::MitsubaRx1::MitsubaRx1(uint32_t, uint16_t)	40	static
../Drivers/SolarGatorsBSP_STM/CAN-Decoder/src/DataModules/src/Mitsuba.cpp:180:1:SolarGators::DataModules::MitsubaRx1::~MitsubaRx1()	16	static
../Drivers/SolarGatorsBSP_STM/CAN-Decoder/src/DataModules/src/Mitsuba.cpp:180:1:virtual SolarGators::DataModules::MitsubaRx1::~MitsubaRx1()	16	static
../Drivers/SolarGatorsBSP_STM/CAN-Decoder/src/DataModules/src/Mitsuba.cpp:184:6:bool SolarGators::DataModules::MitsubaRx1::GetPowerMode() const	16	static
../Drivers/SolarGatorsBSP_STM/CAN-Decoder/src/DataModules/src/Mitsuba.cpp:188:6:bool SolarGators::DataModules::MitsubaRx1::GetMcMode() const	16	static
../Drivers/SolarGatorsBSP_STM/CAN-Decoder/src/DataModules/src/Mitsuba.cpp:192:7:float SolarGators::DataModules::MitsubaRx1::GetAcceleratorPosition() const	16	static
../Drivers/SolarGatorsBSP_STM/CAN-Decoder/src/DataModules/src/Mitsuba.cpp:196:7:float SolarGators::DataModules::MitsubaRx1::GetRegenVrPosition() const	16	static
../Drivers/SolarGatorsBSP_STM/CAN-Decoder/src/DataModules/src/Mitsuba.cpp:200:9:uint8_t SolarGators::DataModules::MitsubaRx1::GetDigitSwitchPosition() const	16	static
../Drivers/SolarGatorsBSP_STM/CAN-Decoder/src/DataModules/src/Mitsuba.cpp:204:7:float SolarGators::DataModules::MitsubaRx1::GetOutTargetVal() const	16	static
../Drivers/SolarGatorsBSP_STM/CAN-Decoder/src/DataModules/src/Mitsuba.cpp:208:9:uint8_t SolarGators::DataModules::MitsubaRx1::GetDriveActStat() const	16	static
../Drivers/SolarGatorsBSP_STM/CAN-Decoder/src/DataModules/src/Mitsuba.cpp:212:6:bool SolarGators::DataModules::MitsubaRx1::GetRegenStat() const	16	static
../Drivers/SolarGatorsBSP_STM/CAN-Decoder/src/DataModules/src/Mitsuba.cpp:217:6:virtual void SolarGators::DataModules::MitsubaRx1::ToByteArray(uint8_t*) const	16	static
../Drivers/SolarGatorsBSP_STM/CAN-Decoder/src/DataModules/src/Mitsuba.cpp:241:6:virtual void SolarGators::DataModules::MitsubaRx1::FromByteArray(uint8_t*)	32	static
../Drivers/SolarGatorsBSP_STM/CAN-Decoder/src/DataModules/src/Mitsuba.cpp:279:1:SolarGators::DataModules::MitsubaRx2::MitsubaRx2(uint32_t, uint16_t)	40	static
../Drivers/SolarGatorsBSP_STM/CAN-Decoder/src/DataModules/src/Mitsuba.cpp:283:1:SolarGators::DataModules::MitsubaRx2::~MitsubaRx2()	16	static
../Drivers/SolarGatorsBSP_STM/CAN-Decoder/src/DataModules/src/Mitsuba.cpp:283:1:virtual SolarGators::DataModules::MitsubaRx2::~MitsubaRx2()	16	static
../Drivers/SolarGatorsBSP_STM/CAN-Decoder/src/DataModules/src/Mitsuba.cpp:287:6:bool SolarGators::DataModules::MitsubaRx2::GetAdSensorError() const	16	static
../Drivers/SolarGatorsBSP_STM/CAN-Decoder/src/DataModules/src/Mitsuba.cpp:291:6:bool SolarGators::DataModules::MitsubaRx2::GetMotorSensorUError() const	16	static
../Drivers/SolarGatorsBSP_STM/CAN-Decoder/src/DataModules/src/Mitsuba.cpp:295:6:bool SolarGators::DataModules::MitsubaRx2::GetMotorCurrSensorWError() const	16	static
../Drivers/SolarGatorsBSP_STM/CAN-Decoder/src/DataModules/src/Mitsuba.cpp:299:6:bool SolarGators::DataModules::MitsubaRx2::GetFetThermError() const	16	static
../Drivers/SolarGatorsBSP_STM/CAN-Decoder/src/DataModules/src/Mitsuba.cpp:303:6:bool SolarGators::DataModules::MitsubaRx2::GetBattVoltSensorError() const	16	static
../Drivers/SolarGatorsBSP_STM/CAN-Decoder/src/DataModules/src/Mitsuba.cpp:307:6:bool SolarGators::DataModules::MitsubaRx2::GetBattCurrSensorError() const	16	static
../Drivers/SolarGatorsBSP_STM/CAN-Decoder/src/DataModules/src/Mitsuba.cpp:311:6:bool SolarGators::DataModules::MitsubaRx2::GetBattCurrSensorAdjError() const	16	static
../Drivers/SolarGatorsBSP_STM/CAN-Decoder/src/DataModules/src/Mitsuba.cpp:315:6:bool SolarGators::DataModules::MitsubaRx2::GetMotorCurrSensorAdjError() const	16	static
../Drivers/SolarGatorsBSP_STM/CAN-Decoder/src/DataModules/src/Mitsuba.cpp:319:6:bool SolarGators::DataModules::MitsubaRx2::GetAccelPosError() const	16	static
../Drivers/SolarGatorsBSP_STM/CAN-Decoder/src/DataModules/src/Mitsuba.cpp:323:6:bool SolarGators::DataModules::MitsubaRx2::GetContVoltSensorError() const	16	static
../Drivers/SolarGatorsBSP_STM/CAN-Decoder/src/DataModules/src/Mitsuba.cpp:327:6:bool SolarGators::DataModules::MitsubaRx2::GetPowerSystemError() const	16	static
../Drivers/SolarGatorsBSP_STM/CAN-Decoder/src/DataModules/src/Mitsuba.cpp:331:6:bool SolarGators::DataModules::MitsubaRx2::GetOverCurrError() const	16	static
../Drivers/SolarGatorsBSP_STM/CAN-Decoder/src/DataModules/src/Mitsuba.cpp:335:6:bool SolarGators::DataModules::MitsubaRx2::GetOverVoltError() const	16	static
../Drivers/SolarGatorsBSP_STM/CAN-Decoder/src/DataModules/src/Mitsuba.cpp:339:6:bool SolarGators::DataModules::MitsubaRx2::GetOverCurrLimit() const	16	static
../Drivers/SolarGatorsBSP_STM/CAN-Decoder/src/DataModules/src/Mitsuba.cpp:343:6:bool SolarGators::DataModules::MitsubaRx2::GetMotorSystemError() const	16	static
../Drivers/SolarGatorsBSP_STM/CAN-Decoder/src/DataModules/src/Mitsuba.cpp:347:6:bool SolarGators::DataModules::MitsubaRx2::GetMotorLock() const	16	static
../Drivers/SolarGatorsBSP_STM/CAN-Decoder/src/DataModules/src/Mitsuba.cpp:351:6:bool SolarGators::DataModules::MitsubaRx2::GetHallSensorShort() const	16	static
../Drivers/SolarGatorsBSP_STM/CAN-Decoder/src/DataModules/src/Mitsuba.cpp:355:6:bool SolarGators::DataModules::MitsubaRx2::GetHallSensorOpen() const	16	static
../Drivers/SolarGatorsBSP_STM/CAN-Decoder/src/DataModules/src/Mitsuba.cpp:359:9:uint8_t SolarGators::DataModules::MitsubaRx2::GetOverHeatLevel() const	16	static
../Drivers/SolarGatorsBSP_STM/CAN-Decoder/src/DataModules/src/Mitsuba.cpp:364:6:virtual void SolarGators::DataModules::MitsubaRx2::ToByteArray(uint8_t*) const	24	static
../Drivers/SolarGatorsBSP_STM/CAN-Decoder/src/DataModules/src/Mitsuba.cpp:396:6:virtual void SolarGators::DataModules::MitsubaRx2::FromByteArray(uint8_t*)	16	static
