C:/Users/Taylor Gerke/STM32CubeIDE/workspace_1.11.0/SteeringWheel2023/Drivers/SolarGatorsBSP_STM/CAN-Decoder/src/DataModules/inc/DataModule.hpp:27:3:SolarGators::DataModules::DataModule::DataModule(uint32_t, uint16_t, uint32_t, uint16_t, bool, bool)	24	static
C:/Users/Taylor Gerke/STM32CubeIDE/workspace_1.11.0/SteeringWheel2023/Drivers/SolarGatorsBSP_STM/CAN-Decoder/src/DataModules/inc/DataModule.hpp:34:11:SolarGators::DataModules::DataModule::~DataModule()	16	static
C:/Users/Taylor Gerke/STM32CubeIDE/workspace_1.11.0/SteeringWheel2023/Drivers/SolarGatorsBSP_STM/CAN-Decoder/src/DataModules/inc/DataModule.hpp:34:11:virtual SolarGators::DataModules::DataModule::~DataModule()	16	static
C:/Users/Taylor Gerke/STM32CubeIDE/workspace_1.11.0/SteeringWheel2023/Drivers/SolarGatorsBSP_STM/CAN-Decoder/src/DataModules/inc/Mppt.hpp:19:3:SolarGators::DataModules::Mpptx0::~Mpptx0()	16	static
C:/Users/Taylor Gerke/STM32CubeIDE/workspace_1.11.0/SteeringWheel2023/Drivers/SolarGatorsBSP_STM/CAN-Decoder/src/DataModules/inc/Mppt.hpp:19:3:virtual SolarGators::DataModules::Mpptx0::~Mpptx0()	16	static
C:/Users/Taylor Gerke/STM32CubeIDE/workspace_1.11.0/SteeringWheel2023/Drivers/SolarGatorsBSP_STM/CAN-Decoder/src/DataModules/inc/Mppt.hpp:38:3:SolarGators::DataModules::Mpptx1::~Mpptx1()	16	static
C:/Users/Taylor Gerke/STM32CubeIDE/workspace_1.11.0/SteeringWheel2023/Drivers/SolarGatorsBSP_STM/CAN-Decoder/src/DataModules/inc/Mppt.hpp:38:3:virtual SolarGators::DataModules::Mpptx1::~Mpptx1()	16	static
C:/Users/Taylor Gerke/STM32CubeIDE/workspace_1.11.0/SteeringWheel2023/Drivers/SolarGatorsBSP_STM/CAN-Decoder/src/DataModules/inc/Mppt.hpp:57:4:SolarGators::DataModules::Mpptx2::~Mpptx2()	16	static
C:/Users/Taylor Gerke/STM32CubeIDE/workspace_1.11.0/SteeringWheel2023/Drivers/SolarGatorsBSP_STM/CAN-Decoder/src/DataModules/inc/Mppt.hpp:57:4:virtual SolarGators::DataModules::Mpptx2::~Mpptx2()	16	static
C:/Users/Taylor Gerke/STM32CubeIDE/workspace_1.11.0/SteeringWheel2023/Drivers/SolarGatorsBSP_STM/CAN-Decoder/src/DataModules/inc/Mppt.hpp:76:4:SolarGators::DataModules::Mpptx3::~Mpptx3()	16	static
C:/Users/Taylor Gerke/STM32CubeIDE/workspace_1.11.0/SteeringWheel2023/Drivers/SolarGatorsBSP_STM/CAN-Decoder/src/DataModules/inc/Mppt.hpp:76:4:virtual SolarGators::DataModules::Mpptx3::~Mpptx3()	16	static
C:/Users/Taylor Gerke/STM32CubeIDE/workspace_1.11.0/SteeringWheel2023/Drivers/SolarGatorsBSP_STM/CAN-Decoder/src/DataModules/inc/Mppt.hpp:95:4:SolarGators::DataModules::Mpptx4::~Mpptx4()	16	static
C:/Users/Taylor Gerke/STM32CubeIDE/workspace_1.11.0/SteeringWheel2023/Drivers/SolarGatorsBSP_STM/CAN-Decoder/src/DataModules/inc/Mppt.hpp:95:4:virtual SolarGators::DataModules::Mpptx4::~Mpptx4()	16	static
C:/Users/Taylor Gerke/STM32CubeIDE/workspace_1.11.0/SteeringWheel2023/Drivers/SolarGatorsBSP_STM/CAN-Decoder/src/DataModules/inc/Mppt.hpp:114:5:SolarGators::DataModules::Mpptx5::~Mpptx5()	16	static
C:/Users/Taylor Gerke/STM32CubeIDE/workspace_1.11.0/SteeringWheel2023/Drivers/SolarGatorsBSP_STM/CAN-Decoder/src/DataModules/inc/Mppt.hpp:114:5:virtual SolarGators::DataModules::Mpptx5::~Mpptx5()	16	static
C:/Users/Taylor Gerke/STM32CubeIDE/workspace_1.11.0/SteeringWheel2023/Drivers/SolarGatorsBSP_STM/CAN-Decoder/src/DataModules/inc/Mppt.hpp:176:5:SolarGators::DataModules::Mpptx6::~Mpptx6()	16	static
C:/Users/Taylor Gerke/STM32CubeIDE/workspace_1.11.0/SteeringWheel2023/Drivers/SolarGatorsBSP_STM/CAN-Decoder/src/DataModules/inc/Mppt.hpp:176:5:virtual SolarGators::DataModules::Mpptx6::~Mpptx6()	16	static
../Drivers/SolarGatorsBSP_STM/CAN-Decoder/src/DataModules/src/Mppt.cpp:27:1:SolarGators::DataModules::Mpptx0::Mpptx0(uint32_t)	32	static
../Drivers/SolarGatorsBSP_STM/CAN-Decoder/src/DataModules/src/Mppt.cpp:33:6:virtual void SolarGators::DataModules::Mpptx0::ToByteArray(uint8_t*) const	24	static
../Drivers/SolarGatorsBSP_STM/CAN-Decoder/src/DataModules/src/Mppt.cpp:45:6:virtual void SolarGators::DataModules::Mpptx0::FromByteArray(uint8_t*)	24	static
../Drivers/SolarGatorsBSP_STM/CAN-Decoder/src/DataModules/src/Mppt.cpp:57:7:float SolarGators::DataModules::Mpptx0::getInputVoltage() const	16	static
../Drivers/SolarGatorsBSP_STM/CAN-Decoder/src/DataModules/src/Mppt.cpp:61:7:float SolarGators::DataModules::Mpptx0::getInputCurrent() const	16	static
../Drivers/SolarGatorsBSP_STM/CAN-Decoder/src/DataModules/src/Mppt.cpp:89:1:SolarGators::DataModules::Mpptx1::Mpptx1(uint32_t)	32	static
../Drivers/SolarGatorsBSP_STM/CAN-Decoder/src/DataModules/src/Mppt.cpp:95:6:virtual void SolarGators::DataModules::Mpptx1::ToByteArray(uint8_t*) const	24	static
../Drivers/SolarGatorsBSP_STM/CAN-Decoder/src/DataModules/src/Mppt.cpp:107:6:virtual void SolarGators::DataModules::Mpptx1::FromByteArray(uint8_t*)	24	static
../Drivers/SolarGatorsBSP_STM/CAN-Decoder/src/DataModules/src/Mppt.cpp:119:7:float SolarGators::DataModules::Mpptx1::getOutputVoltage() const	16	static
../Drivers/SolarGatorsBSP_STM/CAN-Decoder/src/DataModules/src/Mppt.cpp:123:7:float SolarGators::DataModules::Mpptx1::getOutputCurrent() const	16	static
../Drivers/SolarGatorsBSP_STM/CAN-Decoder/src/DataModules/src/Mppt.cpp:151:1:SolarGators::DataModules::Mpptx2::Mpptx2(uint32_t)	32	static
../Drivers/SolarGatorsBSP_STM/CAN-Decoder/src/DataModules/src/Mppt.cpp:157:6:virtual void SolarGators::DataModules::Mpptx2::ToByteArray(uint8_t*) const	24	static
../Drivers/SolarGatorsBSP_STM/CAN-Decoder/src/DataModules/src/Mppt.cpp:169:6:virtual void SolarGators::DataModules::Mpptx2::FromByteArray(uint8_t*)	24	static
../Drivers/SolarGatorsBSP_STM/CAN-Decoder/src/DataModules/src/Mppt.cpp:181:7:float SolarGators::DataModules::Mpptx2::getMosfetTemp() const	16	static
../Drivers/SolarGatorsBSP_STM/CAN-Decoder/src/DataModules/src/Mppt.cpp:185:7:float SolarGators::DataModules::Mpptx2::getControllerTemp() const	16	static
../Drivers/SolarGatorsBSP_STM/CAN-Decoder/src/DataModules/src/Mppt.cpp:213:1:SolarGators::DataModules::Mpptx3::Mpptx3(uint32_t)	32	static
../Drivers/SolarGatorsBSP_STM/CAN-Decoder/src/DataModules/src/Mppt.cpp:219:6:virtual void SolarGators::DataModules::Mpptx3::ToByteArray(uint8_t*) const	24	static
../Drivers/SolarGatorsBSP_STM/CAN-Decoder/src/DataModules/src/Mppt.cpp:231:6:virtual void SolarGators::DataModules::Mpptx3::FromByteArray(uint8_t*)	24	static
../Drivers/SolarGatorsBSP_STM/CAN-Decoder/src/DataModules/src/Mppt.cpp:243:7:float SolarGators::DataModules::Mpptx3::getAux12V() const	16	static
../Drivers/SolarGatorsBSP_STM/CAN-Decoder/src/DataModules/src/Mppt.cpp:247:7:float SolarGators::DataModules::Mpptx3::getAux3V() const	16	static
../Drivers/SolarGatorsBSP_STM/CAN-Decoder/src/DataModules/src/Mppt.cpp:275:1:SolarGators::DataModules::Mpptx4::Mpptx4(uint32_t)	32	static
../Drivers/SolarGatorsBSP_STM/CAN-Decoder/src/DataModules/src/Mppt.cpp:281:6:virtual void SolarGators::DataModules::Mpptx4::ToByteArray(uint8_t*) const	24	static
../Drivers/SolarGatorsBSP_STM/CAN-Decoder/src/DataModules/src/Mppt.cpp:293:6:virtual void SolarGators::DataModules::Mpptx4::FromByteArray(uint8_t*)	24	static
../Drivers/SolarGatorsBSP_STM/CAN-Decoder/src/DataModules/src/Mppt.cpp:305:7:float SolarGators::DataModules::Mpptx4::getMaxOutputVoltage() const	16	static
../Drivers/SolarGatorsBSP_STM/CAN-Decoder/src/DataModules/src/Mppt.cpp:309:7:float SolarGators::DataModules::Mpptx4::getMaxInputCurrent() const	16	static
../Drivers/SolarGatorsBSP_STM/CAN-Decoder/src/DataModules/src/Mppt.cpp:338:1:SolarGators::DataModules::Mpptx5::Mpptx5(uint32_t)	32	static
../Drivers/SolarGatorsBSP_STM/CAN-Decoder/src/DataModules/src/Mppt.cpp:348:6:virtual void SolarGators::DataModules::Mpptx5::ToByteArray(uint8_t*) const	16	static
../Drivers/SolarGatorsBSP_STM/CAN-Decoder/src/DataModules/src/Mppt.cpp:375:6:virtual void SolarGators::DataModules::Mpptx5::FromByteArray(uint8_t*)	16	static
../Drivers/SolarGatorsBSP_STM/CAN-Decoder/src/DataModules/src/Mppt.cpp:402:9:uint8_t SolarGators::DataModules::Mpptx5::getCANRXerr() const	16	static
../Drivers/SolarGatorsBSP_STM/CAN-Decoder/src/DataModules/src/Mppt.cpp:405:9:uint8_t SolarGators::DataModules::Mpptx5::getCANTXerr() const	16	static
../Drivers/SolarGatorsBSP_STM/CAN-Decoder/src/DataModules/src/Mppt.cpp:408:9:uint8_t SolarGators::DataModules::Mpptx5::getCANTXoverflow() const	16	static
../Drivers/SolarGatorsBSP_STM/CAN-Decoder/src/DataModules/src/Mppt.cpp:411:9:uint8_t SolarGators::DataModules::Mpptx5::getReserved() const	16	static
../Drivers/SolarGatorsBSP_STM/CAN-Decoder/src/DataModules/src/Mppt.cpp:414:9:uint8_t SolarGators::DataModules::Mpptx5::getCounter() const	16	static
../Drivers/SolarGatorsBSP_STM/CAN-Decoder/src/DataModules/src/Mppt.cpp:418:6:bool SolarGators::DataModules::Mpptx5::getMode() const	16	static
../Drivers/SolarGatorsBSP_STM/CAN-Decoder/src/DataModules/src/Mppt.cpp:421:6:bool SolarGators::DataModules::Mpptx5::isLowArrayPowerError() const	16	static
../Drivers/SolarGatorsBSP_STM/CAN-Decoder/src/DataModules/src/Mppt.cpp:424:6:bool SolarGators::DataModules::Mpptx5::isMosfetOverheatError() const	16	static
../Drivers/SolarGatorsBSP_STM/CAN-Decoder/src/DataModules/src/Mppt.cpp:427:6:bool SolarGators::DataModules::Mpptx5::isBatteryLowError() const	16	static
../Drivers/SolarGatorsBSP_STM/CAN-Decoder/src/DataModules/src/Mppt.cpp:430:6:bool SolarGators::DataModules::Mpptx5::isBatteryFullError() const	16	static
../Drivers/SolarGatorsBSP_STM/CAN-Decoder/src/DataModules/src/Mppt.cpp:433:6:bool SolarGators::DataModules::Mpptx5::is12vUndervoltError() const	16	static
../Drivers/SolarGatorsBSP_STM/CAN-Decoder/src/DataModules/src/Mppt.cpp:436:6:bool SolarGators::DataModules::Mpptx5::isHWOvercurrentError() const	16	static
../Drivers/SolarGatorsBSP_STM/CAN-Decoder/src/DataModules/src/Mppt.cpp:439:6:bool SolarGators::DataModules::Mpptx5::isHWOvervoltError() const	16	static
../Drivers/SolarGatorsBSP_STM/CAN-Decoder/src/DataModules/src/Mppt.cpp:443:6:bool SolarGators::DataModules::Mpptx5::isFlagInputCurrentMin() const	16	static
../Drivers/SolarGatorsBSP_STM/CAN-Decoder/src/DataModules/src/Mppt.cpp:446:6:bool SolarGators::DataModules::Mpptx5::isFlagInputCurrentMax() const	16	static
../Drivers/SolarGatorsBSP_STM/CAN-Decoder/src/DataModules/src/Mppt.cpp:449:6:bool SolarGators::DataModules::Mpptx5::isFlagOutputVoltageMax() const	16	static
../Drivers/SolarGatorsBSP_STM/CAN-Decoder/src/DataModules/src/Mppt.cpp:452:6:bool SolarGators::DataModules::Mpptx5::isFlagMosfetTemp() const	16	static
../Drivers/SolarGatorsBSP_STM/CAN-Decoder/src/DataModules/src/Mppt.cpp:455:6:bool SolarGators::DataModules::Mpptx5::isFlagDutyCycleMin() const	16	static
../Drivers/SolarGatorsBSP_STM/CAN-Decoder/src/DataModules/src/Mppt.cpp:458:6:bool SolarGators::DataModules::Mpptx5::isFlagDutyCycleMax() const	16	static
../Drivers/SolarGatorsBSP_STM/CAN-Decoder/src/DataModules/src/Mppt.cpp:461:6:bool SolarGators::DataModules::Mpptx5::isFlagLocalMppt() const	16	static
../Drivers/SolarGatorsBSP_STM/CAN-Decoder/src/DataModules/src/Mppt.cpp:464:6:bool SolarGators::DataModules::Mpptx5::isFlagGlobalMppt() const	16	static
../Drivers/SolarGatorsBSP_STM/CAN-Decoder/src/DataModules/src/Mppt.cpp:513:1:SolarGators::DataModules::Mpptx6::Mpptx6(uint32_t)	32	static
../Drivers/SolarGatorsBSP_STM/CAN-Decoder/src/DataModules/src/Mppt.cpp:519:6:virtual void SolarGators::DataModules::Mpptx6::ToByteArray(uint8_t*) const	24	static
../Drivers/SolarGatorsBSP_STM/CAN-Decoder/src/DataModules/src/Mppt.cpp:531:6:virtual void SolarGators::DataModules::Mpptx6::FromByteArray(uint8_t*)	24	static
../Drivers/SolarGatorsBSP_STM/CAN-Decoder/src/DataModules/src/Mppt.cpp:547:7:float SolarGators::DataModules::Mpptx6::getBattOutVolt() const	16	static
../Drivers/SolarGatorsBSP_STM/CAN-Decoder/src/DataModules/src/Mppt.cpp:551:7:float SolarGators::DataModules::Mpptx6::getPowerConnTemp() const	16	static
