C:/Users/Taylor Gerke/STM32CubeIDE/workspace_1.11.0/SteeringWheel2023/Drivers/SolarGatorsBSP_STM/CAN-Decoder/src/DataModules/inc/DataModule.hpp:27:3:SolarGators::DataModules::DataModule::DataModule(uint32_t, uint16_t, uint32_t, uint16_t, bool, bool)	24	static
C:/Users/Taylor Gerke/STM32CubeIDE/workspace_1.11.0/SteeringWheel2023/Drivers/SolarGatorsBSP_STM/CAN-Decoder/src/DataModules/inc/DataModule.hpp:34:11:SolarGators::DataModules::DataModule::~DataModule()	16	static
C:/Users/Taylor Gerke/STM32CubeIDE/workspace_1.11.0/SteeringWheel2023/Drivers/SolarGatorsBSP_STM/CAN-Decoder/src/DataModules/inc/DataModule.hpp:34:11:virtual SolarGators::DataModules::DataModule::~DataModule()	16	static
C:/Users/Taylor Gerke/STM32CubeIDE/workspace_1.11.0/SteeringWheel2023/Drivers/SolarGatorsBSP_STM/CAN-Decoder/src/DataModules/inc/OrionBMS.hpp:19:5:SolarGators::DataModules::OrionBMSRx0::~OrionBMSRx0()	16	static
C:/Users/Taylor Gerke/STM32CubeIDE/workspace_1.11.0/SteeringWheel2023/Drivers/SolarGatorsBSP_STM/CAN-Decoder/src/DataModules/inc/OrionBMS.hpp:19:5:virtual SolarGators::DataModules::OrionBMSRx0::~OrionBMSRx0()	16	static
C:/Users/Taylor Gerke/STM32CubeIDE/workspace_1.11.0/SteeringWheel2023/Drivers/SolarGatorsBSP_STM/CAN-Decoder/src/DataModules/inc/OrionBMS.hpp:44:5:SolarGators::DataModules::OrionBMSRx1::~OrionBMSRx1()	16	static
C:/Users/Taylor Gerke/STM32CubeIDE/workspace_1.11.0/SteeringWheel2023/Drivers/SolarGatorsBSP_STM/CAN-Decoder/src/DataModules/inc/OrionBMS.hpp:44:5:virtual SolarGators::DataModules::OrionBMSRx1::~OrionBMSRx1()	16	static
C:/Users/Taylor Gerke/STM32CubeIDE/workspace_1.11.0/SteeringWheel2023/Drivers/SolarGatorsBSP_STM/CAN-Decoder/src/DataModules/inc/OrionBMS.hpp:75:5:SolarGators::DataModules::OrionBMSRx2::~OrionBMSRx2()	16	static
C:/Users/Taylor Gerke/STM32CubeIDE/workspace_1.11.0/SteeringWheel2023/Drivers/SolarGatorsBSP_STM/CAN-Decoder/src/DataModules/inc/OrionBMS.hpp:75:5:virtual SolarGators::DataModules::OrionBMSRx2::~OrionBMSRx2()	16	static
C:/Users/Taylor Gerke/STM32CubeIDE/workspace_1.11.0/SteeringWheel2023/Drivers/SolarGatorsBSP_STM/CAN-Decoder/src/DataModules/inc/OrionBMS.hpp:100:5:SolarGators::DataModules::OrionBMSRx3::~OrionBMSRx3()	16	static
C:/Users/Taylor Gerke/STM32CubeIDE/workspace_1.11.0/SteeringWheel2023/Drivers/SolarGatorsBSP_STM/CAN-Decoder/src/DataModules/inc/OrionBMS.hpp:100:5:virtual SolarGators::DataModules::OrionBMSRx3::~OrionBMSRx3()	16	static
C:/Users/Taylor Gerke/STM32CubeIDE/workspace_1.11.0/SteeringWheel2023/Drivers/SolarGatorsBSP_STM/CAN-Decoder/src/DataModules/inc/OrionBMS.hpp:123:5:SolarGators::DataModules::OrionBMSRx4::~OrionBMSRx4()	16	static
C:/Users/Taylor Gerke/STM32CubeIDE/workspace_1.11.0/SteeringWheel2023/Drivers/SolarGatorsBSP_STM/CAN-Decoder/src/DataModules/inc/OrionBMS.hpp:123:5:virtual SolarGators::DataModules::OrionBMSRx4::~OrionBMSRx4()	16	static
C:/Users/Taylor Gerke/STM32CubeIDE/workspace_1.11.0/SteeringWheel2023/Drivers/SolarGatorsBSP_STM/CAN-Decoder/src/DataModules/inc/OrionBMS.hpp:190:5:SolarGators::DataModules::OrionBMSRx5::~OrionBMSRx5()	16	static
C:/Users/Taylor Gerke/STM32CubeIDE/workspace_1.11.0/SteeringWheel2023/Drivers/SolarGatorsBSP_STM/CAN-Decoder/src/DataModules/inc/OrionBMS.hpp:190:5:virtual SolarGators::DataModules::OrionBMSRx5::~OrionBMSRx5()	16	static
../Drivers/SolarGatorsBSP_STM/CAN-Decoder/src/DataModules/src/OrionBMS.cpp:13:3:SolarGators::DataModules::OrionBMSRx0::OrionBMSRx0(uint32_t, uint32_t)	40	static
../Drivers/SolarGatorsBSP_STM/CAN-Decoder/src/DataModules/src/OrionBMS.cpp:17:8:virtual void SolarGators::DataModules::OrionBMSRx0::ToByteArray(uint8_t*) const	16	static
../Drivers/SolarGatorsBSP_STM/CAN-Decoder/src/DataModules/src/OrionBMS.cpp:29:8:virtual void SolarGators::DataModules::OrionBMSRx0::FromByteArray(uint8_t*)	16	static
../Drivers/SolarGatorsBSP_STM/CAN-Decoder/src/DataModules/src/OrionBMS.cpp:37:9:float SolarGators::DataModules::OrionBMSRx0::getAvgCellVolt() const	16	static
../Drivers/SolarGatorsBSP_STM/CAN-Decoder/src/DataModules/src/OrionBMS.cpp:41:9:float SolarGators::DataModules::OrionBMSRx0::getHighCellVolt() const	16	static
../Drivers/SolarGatorsBSP_STM/CAN-Decoder/src/DataModules/src/OrionBMS.cpp:45:9:float SolarGators::DataModules::OrionBMSRx0::getLowCellVolt() const	16	static
../Drivers/SolarGatorsBSP_STM/CAN-Decoder/src/DataModules/src/OrionBMS.cpp:49:9:float SolarGators::DataModules::OrionBMSRx0::getPackSumVolt() const	16	static
../Drivers/SolarGatorsBSP_STM/CAN-Decoder/src/DataModules/src/OrionBMS.cpp:64:3:SolarGators::DataModules::OrionBMSRx1::OrionBMSRx1(uint32_t, uint32_t)	40	static
../Drivers/SolarGatorsBSP_STM/CAN-Decoder/src/DataModules/src/OrionBMS.cpp:68:8:virtual void SolarGators::DataModules::OrionBMSRx1::ToByteArray(uint8_t*) const	16	static
../Drivers/SolarGatorsBSP_STM/CAN-Decoder/src/DataModules/src/OrionBMS.cpp:80:8:virtual void SolarGators::DataModules::OrionBMSRx1::FromByteArray(uint8_t*)	16	static
../Drivers/SolarGatorsBSP_STM/CAN-Decoder/src/DataModules/src/OrionBMS.cpp:91:11:uint8_t SolarGators::DataModules::OrionBMSRx1::getAvgTemp() const	16	static
../Drivers/SolarGatorsBSP_STM/CAN-Decoder/src/DataModules/src/OrionBMS.cpp:95:11:uint8_t SolarGators::DataModules::OrionBMSRx1::getConstantVal() const	16	static
../Drivers/SolarGatorsBSP_STM/CAN-Decoder/src/DataModules/src/OrionBMS.cpp:99:11:uint8_t SolarGators::DataModules::OrionBMSRx1::getHighTemp() const	16	static
../Drivers/SolarGatorsBSP_STM/CAN-Decoder/src/DataModules/src/OrionBMS.cpp:103:11:uint8_t SolarGators::DataModules::OrionBMSRx1::getHighTempId() const	16	static
../Drivers/SolarGatorsBSP_STM/CAN-Decoder/src/DataModules/src/OrionBMS.cpp:107:11:uint8_t SolarGators::DataModules::OrionBMSRx1::getInternalTemp() const	16	static
../Drivers/SolarGatorsBSP_STM/CAN-Decoder/src/DataModules/src/OrionBMS.cpp:111:11:uint8_t SolarGators::DataModules::OrionBMSRx1::getLowTemp() const	16	static
../Drivers/SolarGatorsBSP_STM/CAN-Decoder/src/DataModules/src/OrionBMS.cpp:115:11:uint8_t SolarGators::DataModules::OrionBMSRx1::getLowTempId() const	16	static
../Drivers/SolarGatorsBSP_STM/CAN-Decoder/src/DataModules/src/OrionBMS.cpp:133:3:SolarGators::DataModules::OrionBMSRx2::OrionBMSRx2(uint32_t, uint32_t)	40	static
../Drivers/SolarGatorsBSP_STM/CAN-Decoder/src/DataModules/src/OrionBMS.cpp:137:8:virtual void SolarGators::DataModules::OrionBMSRx2::ToByteArray(uint8_t*) const	16	static
../Drivers/SolarGatorsBSP_STM/CAN-Decoder/src/DataModules/src/OrionBMS.cpp:149:8:virtual void SolarGators::DataModules::OrionBMSRx2::FromByteArray(uint8_t*)	16	static
../Drivers/SolarGatorsBSP_STM/CAN-Decoder/src/DataModules/src/OrionBMS.cpp:157:12:uint16_t SolarGators::DataModules::OrionBMSRx2::getConstantVal() const	16	static
../Drivers/SolarGatorsBSP_STM/CAN-Decoder/src/DataModules/src/OrionBMS.cpp:161:12:uint16_t SolarGators::DataModules::OrionBMSRx2::getPackCcl() const	16	static
../Drivers/SolarGatorsBSP_STM/CAN-Decoder/src/DataModules/src/OrionBMS.cpp:165:9:float SolarGators::DataModules::OrionBMSRx2::getPackCurrent() const	16	static
../Drivers/SolarGatorsBSP_STM/CAN-Decoder/src/DataModules/src/OrionBMS.cpp:169:12:uint16_t SolarGators::DataModules::OrionBMSRx2::getPackDcl() const	16	static
../Drivers/SolarGatorsBSP_STM/CAN-Decoder/src/DataModules/src/OrionBMS.cpp:184:3:SolarGators::DataModules::OrionBMSRx3::OrionBMSRx3(uint32_t, uint32_t)	40	static
../Drivers/SolarGatorsBSP_STM/CAN-Decoder/src/DataModules/src/OrionBMS.cpp:188:8:virtual void SolarGators::DataModules::OrionBMSRx3::ToByteArray(uint8_t*) const	16	static
../Drivers/SolarGatorsBSP_STM/CAN-Decoder/src/DataModules/src/OrionBMS.cpp:198:10:virtual void SolarGators::DataModules::OrionBMSRx3::FromByteArray(uint8_t*)	16	static
../Drivers/SolarGatorsBSP_STM/CAN-Decoder/src/DataModules/src/OrionBMS.cpp:205:9:float SolarGators::DataModules::OrionBMSRx3::getHighCellRes() const	16	static
../Drivers/SolarGatorsBSP_STM/CAN-Decoder/src/DataModules/src/OrionBMS.cpp:209:9:float SolarGators::DataModules::OrionBMSRx3::getLowCellRes() const	16	static
../Drivers/SolarGatorsBSP_STM/CAN-Decoder/src/DataModules/src/OrionBMS.cpp:213:9:float SolarGators::DataModules::OrionBMSRx3::getPackRes() const	16	static
../Drivers/SolarGatorsBSP_STM/CAN-Decoder/src/DataModules/src/OrionBMS.cpp:227:3:SolarGators::DataModules::OrionBMSRx4::OrionBMSRx4(uint32_t, uint32_t)	40	static
../Drivers/SolarGatorsBSP_STM/CAN-Decoder/src/DataModules/src/OrionBMS.cpp:231:8:virtual void SolarGators::DataModules::OrionBMSRx4::ToByteArray(uint8_t*) const	16	static
../Drivers/SolarGatorsBSP_STM/CAN-Decoder/src/DataModules/src/OrionBMS.cpp:263:8:virtual void SolarGators::DataModules::OrionBMSRx4::FromByteArray(uint8_t*)	16	static
../Drivers/SolarGatorsBSP_STM/CAN-Decoder/src/DataModules/src/OrionBMS.cpp:295:8:bool SolarGators::DataModules::OrionBMSRx4::isCanCommunicationFault() const	16	static
../Drivers/SolarGatorsBSP_STM/CAN-Decoder/src/DataModules/src/OrionBMS.cpp:299:8:bool SolarGators::DataModules::OrionBMSRx4::isCellBalancingStuckOffFault() const	16	static
../Drivers/SolarGatorsBSP_STM/CAN-Decoder/src/DataModules/src/OrionBMS.cpp:303:8:bool SolarGators::DataModules::OrionBMSRx4::isCellBankFault() const	16	static
../Drivers/SolarGatorsBSP_STM/CAN-Decoder/src/DataModules/src/OrionBMS.cpp:307:8:bool SolarGators::DataModules::OrionBMSRx4::isCellOpenWiringFault() const	16	static
../Drivers/SolarGatorsBSP_STM/CAN-Decoder/src/DataModules/src/OrionBMS.cpp:311:8:bool SolarGators::DataModules::OrionBMSRx4::isCellVoltageOver5vFault() const	16	static
../Drivers/SolarGatorsBSP_STM/CAN-Decoder/src/DataModules/src/OrionBMS.cpp:315:8:bool SolarGators::DataModules::OrionBMSRx4::isChargeenableRelayFault() const	16	static
../Drivers/SolarGatorsBSP_STM/CAN-Decoder/src/DataModules/src/OrionBMS.cpp:319:8:bool SolarGators::DataModules::OrionBMSRx4::isChargerSafetyRelayFault() const	16	static
../Drivers/SolarGatorsBSP_STM/CAN-Decoder/src/DataModules/src/OrionBMS.cpp:323:8:bool SolarGators::DataModules::OrionBMSRx4::isCurrentSensorFault() const	16	static
../Drivers/SolarGatorsBSP_STM/CAN-Decoder/src/DataModules/src/OrionBMS.cpp:327:8:bool SolarGators::DataModules::OrionBMSRx4::isDischargeenableRelayFault() const	16	static
../Drivers/SolarGatorsBSP_STM/CAN-Decoder/src/DataModules/src/OrionBMS.cpp:331:8:bool SolarGators::DataModules::OrionBMSRx4::isFanMonitorFault() const	16	static
../Drivers/SolarGatorsBSP_STM/CAN-Decoder/src/DataModules/src/OrionBMS.cpp:335:8:bool SolarGators::DataModules::OrionBMSRx4::isHighVoltageIsolationFault() const	16	static
../Drivers/SolarGatorsBSP_STM/CAN-Decoder/src/DataModules/src/OrionBMS.cpp:339:8:bool SolarGators::DataModules::OrionBMSRx4::isHighestCellVoltageTooHighFault() const	16	static
../Drivers/SolarGatorsBSP_STM/CAN-Decoder/src/DataModules/src/OrionBMS.cpp:343:8:bool SolarGators::DataModules::OrionBMSRx4::isInternalCellCommunicationFault() const	16	static
../Drivers/SolarGatorsBSP_STM/CAN-Decoder/src/DataModules/src/OrionBMS.cpp:347:8:bool SolarGators::DataModules::OrionBMSRx4::isInternalHardwareFault() const	16	static
../Drivers/SolarGatorsBSP_STM/CAN-Decoder/src/DataModules/src/OrionBMS.cpp:351:8:bool SolarGators::DataModules::OrionBMSRx4::isInternalHeatsinkThermistorFault() const	16	static
../Drivers/SolarGatorsBSP_STM/CAN-Decoder/src/DataModules/src/OrionBMS.cpp:355:8:bool SolarGators::DataModules::OrionBMSRx4::isInternalLogicFault() const	16	static
../Drivers/SolarGatorsBSP_STM/CAN-Decoder/src/DataModules/src/OrionBMS.cpp:359:8:bool SolarGators::DataModules::OrionBMSRx4::isInvalidInputSupplyVoltageFault() const	16	static
../Drivers/SolarGatorsBSP_STM/CAN-Decoder/src/DataModules/src/OrionBMS.cpp:363:8:bool SolarGators::DataModules::OrionBMSRx4::isLowCellVoltageFault() const	16	static
../Drivers/SolarGatorsBSP_STM/CAN-Decoder/src/DataModules/src/OrionBMS.cpp:367:8:bool SolarGators::DataModules::OrionBMSRx4::isLowestCellVoltageTooLowFault() const	16	static
../Drivers/SolarGatorsBSP_STM/CAN-Decoder/src/DataModules/src/OrionBMS.cpp:371:8:bool SolarGators::DataModules::OrionBMSRx4::isPackTooHotFault() const	16	static
../Drivers/SolarGatorsBSP_STM/CAN-Decoder/src/DataModules/src/OrionBMS.cpp:375:8:bool SolarGators::DataModules::OrionBMSRx4::isRedundantPowerSupplyFault() const	16	static
../Drivers/SolarGatorsBSP_STM/CAN-Decoder/src/DataModules/src/OrionBMS.cpp:379:8:bool SolarGators::DataModules::OrionBMSRx4::isThermistorFault() const	16	static
../Drivers/SolarGatorsBSP_STM/CAN-Decoder/src/DataModules/src/OrionBMS.cpp:383:8:bool SolarGators::DataModules::OrionBMSRx4::isWeakCellFault() const	16	static
../Drivers/SolarGatorsBSP_STM/CAN-Decoder/src/DataModules/src/OrionBMS.cpp:387:8:bool SolarGators::DataModules::OrionBMSRx4::isWeakPackFault() const	16	static
../Drivers/SolarGatorsBSP_STM/CAN-Decoder/src/DataModules/src/OrionBMS.cpp:391:9:float SolarGators::DataModules::OrionBMSRx4::getPackSoc() const	16	static
../Drivers/SolarGatorsBSP_STM/CAN-Decoder/src/DataModules/src/OrionBMS.cpp:427:3:SolarGators::DataModules::OrionBMSRx5::OrionBMSRx5(uint32_t, uint32_t)	40	static
../Drivers/SolarGatorsBSP_STM/CAN-Decoder/src/DataModules/src/OrionBMS.cpp:431:8:virtual void SolarGators::DataModules::OrionBMSRx5::ToByteArray(uint8_t*) const	16	static
../Drivers/SolarGatorsBSP_STM/CAN-Decoder/src/DataModules/src/OrionBMS.cpp:443:8:virtual void SolarGators::DataModules::OrionBMSRx5::FromByteArray(uint8_t*)	16	static
../Drivers/SolarGatorsBSP_STM/CAN-Decoder/src/DataModules/src/OrionBMS.cpp:451:12:uint16_t SolarGators::DataModules::OrionBMSRx5::getMaxPackCcl() const	16	static
../Drivers/SolarGatorsBSP_STM/CAN-Decoder/src/DataModules/src/OrionBMS.cpp:455:12:uint16_t SolarGators::DataModules::OrionBMSRx5::getMaxPackDcl() const	16	static
../Drivers/SolarGatorsBSP_STM/CAN-Decoder/src/DataModules/src/OrionBMS.cpp:459:9:float SolarGators::DataModules::OrionBMSRx5::getMaxPackVolt() const	16	static
../Drivers/SolarGatorsBSP_STM/CAN-Decoder/src/DataModules/src/OrionBMS.cpp:463:9:float SolarGators::DataModules::OrionBMSRx5::getMinPackVolt() const	16	static
