C:/Users/Taylor Gerke/STM32CubeIDE/workspace_1.11.0/SteeringWheel2023/Drivers/SolarGatorsBSP_STM/CAN-Decoder/src/DataModules/inc/DataModule.hpp:27:3:SolarGators::DataModules::DataModule::DataModule(uint32_t, uint16_t, uint32_t, uint16_t, bool, bool)	24	static
C:/Users/Taylor Gerke/STM32CubeIDE/workspace_1.11.0/SteeringWheel2023/Drivers/SolarGatorsBSP_STM/CAN-Decoder/src/DataModules/inc/DataModule.hpp:34:11:SolarGators::DataModules::DataModule::~DataModule()	16	static
C:/Users/Taylor Gerke/STM32CubeIDE/workspace_1.11.0/SteeringWheel2023/Drivers/SolarGatorsBSP_STM/CAN-Decoder/src/DataModules/inc/DataModule.hpp:34:11:virtual SolarGators::DataModules::DataModule::~DataModule()	16	static
../Drivers/SolarGatorsBSP_STM/CAN-Decoder/src/DataModules/src/PowerBoard.cpp:17:1:SolarGators::DataModules::PowerBoard::PowerBoard()	32	static
../Drivers/SolarGatorsBSP_STM/CAN-Decoder/src/DataModules/src/PowerBoard.cpp:25:1:SolarGators::DataModules::PowerBoard::~PowerBoard()	16	static
../Drivers/SolarGatorsBSP_STM/CAN-Decoder/src/DataModules/src/PowerBoard.cpp:25:1:virtual SolarGators::DataModules::PowerBoard::~PowerBoard()	16	static
../Drivers/SolarGatorsBSP_STM/CAN-Decoder/src/DataModules/src/PowerBoard.cpp:28:7:float SolarGators::DataModules::PowerBoard::GetSupBatVoltage()	16	static
../Drivers/SolarGatorsBSP_STM/CAN-Decoder/src/DataModules/src/PowerBoard.cpp:33:7:float SolarGators::DataModules::PowerBoard::GetSupBatPower()	16	static
../Drivers/SolarGatorsBSP_STM/CAN-Decoder/src/DataModules/src/PowerBoard.cpp:38:7:float SolarGators::DataModules::PowerBoard::GetMainBatPower()	16	static
../Drivers/SolarGatorsBSP_STM/CAN-Decoder/src/DataModules/src/PowerBoard.cpp:43:9:uint8_t SolarGators::DataModules::PowerBoard::GetPowerSource()	16	static
../Drivers/SolarGatorsBSP_STM/CAN-Decoder/src/DataModules/src/PowerBoard.cpp:49:6:virtual void SolarGators::DataModules::PowerBoard::ToByteArray(uint8_t*) const	16	static
../Drivers/SolarGatorsBSP_STM/CAN-Decoder/src/DataModules/src/PowerBoard.cpp:60:6:virtual void SolarGators::DataModules::PowerBoard::FromByteArray(uint8_t*)	16	static
