C:/Users/Taylor Gerke/STM32CubeIDE/workspace_1.11.0/SteeringWheel2023/Drivers/SolarGatorsBSP_STM/CAN-Decoder/src/DataModules/inc/DataModule.hpp:27:3:SolarGators::DataModules::DataModule::DataModule(uint32_t, uint16_t, uint32_t, uint16_t, bool, bool)	24	static
C:/Users/Taylor Gerke/STM32CubeIDE/workspace_1.11.0/SteeringWheel2023/Drivers/SolarGatorsBSP_STM/CAN-Decoder/src/DataModules/inc/DataModule.hpp:34:11:SolarGators::DataModules::DataModule::~DataModule()	16	static
C:/Users/Taylor Gerke/STM32CubeIDE/workspace_1.11.0/SteeringWheel2023/Drivers/SolarGatorsBSP_STM/CAN-Decoder/src/DataModules/inc/DataModule.hpp:34:11:virtual SolarGators::DataModules::DataModule::~DataModule()	16	static
../Drivers/SolarGatorsBSP_STM/CAN-Decoder/src/DataModules/src/Proton1.cpp:15:1:SolarGators::DataModules::Proton1::Proton1(uint32_t)	32	static
../Drivers/SolarGatorsBSP_STM/CAN-Decoder/src/DataModules/src/Proton1.cpp:20:1:SolarGators::DataModules::Proton1::~Proton1()	16	static
../Drivers/SolarGatorsBSP_STM/CAN-Decoder/src/DataModules/src/Proton1.cpp:20:1:virtual SolarGators::DataModules::Proton1::~Proton1()	16	static
../Drivers/SolarGatorsBSP_STM/CAN-Decoder/src/DataModules/src/Proton1.cpp:23:6:virtual void SolarGators::DataModules::Proton1::ToByteArray(uint8_t*) const	40	static
../Drivers/SolarGatorsBSP_STM/CAN-Decoder/src/DataModules/src/Proton1.cpp:40:6:virtual void SolarGators::DataModules::Proton1::FromByteArray(uint8_t*)	32	static
../Drivers/SolarGatorsBSP_STM/CAN-Decoder/src/DataModules/src/Proton1.cpp:52:7:float SolarGators::DataModules::Proton1::getArrayCurrent() const	16	static
../Drivers/SolarGatorsBSP_STM/CAN-Decoder/src/DataModules/src/Proton1.cpp:56:7:float SolarGators::DataModules::Proton1::getArrayVoltage() const	16	static
../Drivers/SolarGatorsBSP_STM/CAN-Decoder/src/DataModules/src/Proton1.cpp:60:7:float SolarGators::DataModules::Proton1::getBatteryVoltage() const	16	static
../Drivers/SolarGatorsBSP_STM/CAN-Decoder/src/DataModules/src/Proton1.cpp:64:7:float SolarGators::DataModules::Proton1::getMpptTemperature() const	16	static
