C:/Users/Taylor Gerke/STM32CubeIDE/workspace_1.11.0/SteeringWheel2023/Drivers/SolarGatorsBSP_STM/CAN-Decoder/src/DataModules/inc/DataModule.hpp:27:3:SolarGators::DataModules::DataModule::DataModule(uint32_t, uint16_t, uint32_t, uint16_t, bool, bool)	24	static
C:/Users/Taylor Gerke/STM32CubeIDE/workspace_1.11.0/SteeringWheel2023/Drivers/SolarGatorsBSP_STM/CAN-Decoder/src/DataModules/inc/DataModule.hpp:34:11:SolarGators::DataModules::DataModule::~DataModule()	16	static
C:/Users/Taylor Gerke/STM32CubeIDE/workspace_1.11.0/SteeringWheel2023/Drivers/SolarGatorsBSP_STM/CAN-Decoder/src/DataModules/inc/DataModule.hpp:34:11:virtual SolarGators::DataModules::DataModule::~DataModule()	16	static
../Drivers/SolarGatorsBSP_STM/CAN-Decoder/src/DataModules/src/RearLights.cpp:18:1:SolarGators::DataModules::RearLights::RearLights()	32	static
../Drivers/SolarGatorsBSP_STM/CAN-Decoder/src/DataModules/src/RearLights.cpp:27:1:SolarGators::DataModules::RearLights::~RearLights()	16	static
../Drivers/SolarGatorsBSP_STM/CAN-Decoder/src/DataModules/src/RearLights.cpp:27:1:virtual SolarGators::DataModules::RearLights::~RearLights()	16	static
../Drivers/SolarGatorsBSP_STM/CAN-Decoder/src/DataModules/src/RearLights.cpp:32:6:bool SolarGators::DataModules::RearLights::isBreakPressed() const	16	static
../Drivers/SolarGatorsBSP_STM/CAN-Decoder/src/DataModules/src/RearLights.cpp:37:6:bool SolarGators::DataModules::RearLights::getKillSwStatus() const	16	static
../Drivers/SolarGatorsBSP_STM/CAN-Decoder/src/DataModules/src/RearLights.cpp:41:6:void SolarGators::DataModules::RearLights::setKillSwStatus(bool)	16	static
../Drivers/SolarGatorsBSP_STM/CAN-Decoder/src/DataModules/src/RearLights.cpp:45:6:bool SolarGators::DataModules::RearLights::getContactorStatus() const	16	static
../Drivers/SolarGatorsBSP_STM/CAN-Decoder/src/DataModules/src/RearLights.cpp:49:6:void SolarGators::DataModules::RearLights::setContactorStatus(bool)	16	static
../Drivers/SolarGatorsBSP_STM/CAN-Decoder/src/DataModules/src/RearLights.cpp:53:6:void SolarGators::DataModules::RearLights::doATrip()	16	static
../Drivers/SolarGatorsBSP_STM/CAN-Decoder/src/DataModules/src/RearLights.cpp:57:6:virtual void SolarGators::DataModules::RearLights::ToByteArray(uint8_t*) const	16	static
../Drivers/SolarGatorsBSP_STM/CAN-Decoder/src/DataModules/src/RearLights.cpp:64:6:virtual void SolarGators::DataModules::RearLights::FromByteArray(uint8_t*)	16	static
