C:/Users/Taylor Gerke/STM32CubeIDE/workspace_1.11.0/SteeringWheel2023/Drivers/SolarGatorsBSP_STM/CAN-Decoder/src/DataModules/inc/DataModule.hpp:27:3:SolarGators::DataModules::DataModule::DataModule(uint32_t, uint16_t, uint32_t, uint16_t, bool, bool)	24	static
C:/Users/Taylor Gerke/STM32CubeIDE/workspace_1.11.0/SteeringWheel2023/Drivers/SolarGatorsBSP_STM/CAN-Decoder/src/DataModules/inc/DataModule.hpp:34:11:SolarGators::DataModules::DataModule::~DataModule()	16	static
C:/Users/Taylor Gerke/STM32CubeIDE/workspace_1.11.0/SteeringWheel2023/Drivers/SolarGatorsBSP_STM/CAN-Decoder/src/DataModules/inc/DataModule.hpp:34:11:virtual SolarGators::DataModules::DataModule::~DataModule()	16	static
../Drivers/SolarGatorsBSP_STM/CAN-Decoder/src/DataModules/src/Steering.cpp:17:3:SolarGators::DataModules::Steering::Steering()	32	static
../Drivers/SolarGatorsBSP_STM/CAN-Decoder/src/DataModules/src/Steering.cpp:31:3:SolarGators::DataModules::Steering::~Steering()	16	static
../Drivers/SolarGatorsBSP_STM/CAN-Decoder/src/DataModules/src/Steering.cpp:31:3:virtual SolarGators::DataModules::Steering::~Steering()	16	static
../Drivers/SolarGatorsBSP_STM/CAN-Decoder/src/DataModules/src/Steering.cpp:33:8:bool SolarGators::DataModules::Steering::GetLeftTurnStatus() const	16	static
../Drivers/SolarGatorsBSP_STM/CAN-Decoder/src/DataModules/src/Steering.cpp:37:8:bool SolarGators::DataModules::Steering::GetRightTurnStatus() const	16	static
../Drivers/SolarGatorsBSP_STM/CAN-Decoder/src/DataModules/src/Steering.cpp:41:8:bool SolarGators::DataModules::Steering::GetHazardsStatus() const	16	static
../Drivers/SolarGatorsBSP_STM/CAN-Decoder/src/DataModules/src/Steering.cpp:45:8:bool SolarGators::DataModules::Steering::GetBpFaultStatus() const	16	static
../Drivers/SolarGatorsBSP_STM/CAN-Decoder/src/DataModules/src/Steering.cpp:49:8:bool SolarGators::DataModules::Steering::GetCruiseEnabledStatus() const	16	static
../Drivers/SolarGatorsBSP_STM/CAN-Decoder/src/DataModules/src/Steering.cpp:53:8:bool SolarGators::DataModules::Steering::GetEcoEnabledStatus() const	16	static
../Drivers/SolarGatorsBSP_STM/CAN-Decoder/src/DataModules/src/Steering.cpp:57:8:bool SolarGators::DataModules::Steering::GetHeadlightsStatus() const	16	static
../Drivers/SolarGatorsBSP_STM/CAN-Decoder/src/DataModules/src/Steering.cpp:61:8:bool SolarGators::DataModules::Steering::GetHornStatus() const	16	static
../Drivers/SolarGatorsBSP_STM/CAN-Decoder/src/DataModules/src/Steering.cpp:65:8:bool SolarGators::DataModules::Steering::GetReverseStatus() const	16	static
../Drivers/SolarGatorsBSP_STM/CAN-Decoder/src/DataModules/src/Steering.cpp:69:11:uint8_t SolarGators::DataModules::Steering::GetCruiseSpeed() const	16	static
../Drivers/SolarGatorsBSP_STM/CAN-Decoder/src/DataModules/src/Steering.cpp:73:11:uint8_t SolarGators::DataModules::Steering::GetRegen() const	16	static
../Drivers/SolarGatorsBSP_STM/CAN-Decoder/src/DataModules/src/Steering.cpp:77:8:virtual void SolarGators::DataModules::Steering::ToByteArray(uint8_t*) const	16	static
../Drivers/SolarGatorsBSP_STM/CAN-Decoder/src/DataModules/src/Steering.cpp:92:8:virtual void SolarGators::DataModules::Steering::FromByteArray(uint8_t*)	16	static
